Component: ARM Compiler 5.06 update 4 (build 422) Tool: armlink [4d35d2]

==============================================================================

Section Cross References

    main.o(i.main) refers to stm32f2xx_rcc.o(i.RCC_GetClocksFreq) for RCC_GetClocksFreq
    main.o(i.main) refers to minos_core.o(i.OSInit) for OSInit
    main.o(i.main) refers to minos_core.o(i.OSTaskCreate) for OSTaskCreate
    main.o(i.main) refers to minos_core.o(i.OSStart) for OSStart
    main.o(i.main) refers to main.o(.bss) for .bss
    main.o(i.main) refers to task00_alpha.o(i.Task00) for Task00
    main.o(i.main) refers to task01_getvoltage.o(i.Task01) for Task01
    main.o(i.main) refers to task02_gettemper.o(i.Task02) for Task02
    stm32f2xx_it.o(i.SysTick_Handler) refers to minos_core.o(i.OSIntEnter) for OSIntEnter
    stm32f2xx_it.o(i.SysTick_Handler) refers to minos_core.o(i.OSTimeTick) for OSTimeTick
    stm32f2xx_it.o(i.SysTick_Handler) refers to minos_core.o(i.OSIntExit) for OSIntExit
    task00_alpha.o(i.Task00) refers to minos_core.o(i.OSTimeDly) for OSTimeDly
    task01_getvoltage.o(i.Task01) refers to minos_core.o(i.OSTimeDly) for OSTimeDly
    task02_gettemper.o(i.Task02) refers to minos_core.o(i.OSTimeDly) for OSTimeDly
    minos_core.o(i.OSInit) refers to minos_core.o(i.OSTaskCreate) for OSTaskCreate
    minos_core.o(i.OSInit) refers to minos_core.o(.data) for .data
    minos_core.o(i.OSInit) refers to minos_core.o(.bss) for .bss
    minos_core.o(i.OSInit) refers to minos_core.o(i.OS_TaskIdle) for OS_TaskIdle
    minos_core.o(i.OSIntEnter) refers to minos_core.o(.data) for .data
    minos_core.o(i.OSIntExit) refers to minos_cpu.o(.text) for OS_CPU_SR_Save
    minos_core.o(i.OSIntExit) refers to minos_core.o(i.OS_SchedNew) for OS_SchedNew
    minos_core.o(i.OSIntExit) refers to minos_core.o(.data) for .data
    minos_core.o(i.OSIntExit) refers to minos_core.o(.bss) for .bss
    minos_core.o(i.OSStart) refers to minos_core.o(i.OS_SchedNew) for OS_SchedNew
    minos_core.o(i.OSStart) refers to minos_cpu.o(.text) for OSStartHighRdy
    minos_core.o(i.OSStart) refers to minos_core.o(.data) for .data
    minos_core.o(i.OSStart) refers to minos_core.o(.bss) for .bss
    minos_core.o(i.OSTaskCreate) refers to minos_cpu.o(.text) for OS_CPU_SR_Save
    minos_core.o(i.OSTaskCreate) refers to minos_core.o(i.OSTaskStkInit) for OSTaskStkInit
    minos_core.o(i.OSTaskCreate) refers to minos_core.o(i.OS_TCBInit) for OS_TCBInit
    minos_core.o(i.OSTaskCreate) refers to minos_core.o(.bss) for .bss
    minos_core.o(i.OSTimeDly) refers to minos_cpu.o(.text) for OS_CPU_SR_Save
    minos_core.o(i.OSTimeDly) refers to minos_core.o(i.OS_Sched) for OS_Sched
    minos_core.o(i.OSTimeDly) refers to minos_core.o(.data) for .data
    minos_core.o(i.OSTimeTick) refers to minos_cpu.o(.text) for OS_CPU_SR_Save
    minos_core.o(i.OSTimeTick) refers to minos_core.o(.data) for .data
    minos_core.o(i.OS_Sched) refers to minos_cpu.o(.text) for OS_CPU_SR_Save
    minos_core.o(i.OS_Sched) refers to minos_core.o(i.OS_SchedNew) for OS_SchedNew
    minos_core.o(i.OS_Sched) refers to minos_core.o(.data) for .data
    minos_core.o(i.OS_Sched) refers to minos_core.o(.bss) for .bss
    minos_core.o(i.OS_SchedNew) refers to minos_core.o(.constdata) for .constdata
    minos_core.o(i.OS_SchedNew) refers to minos_core.o(.data) for .data
    minos_core.o(i.OS_TCBInit) refers to minos_cpu.o(.text) for OS_CPU_SR_Save
    minos_core.o(i.OS_TCBInit) refers to minos_core.o(.data) for .data
    minos_core.o(i.OS_TCBInit) refers to minos_core.o(.bss) for .bss
    minos_cpu.o(.text) refers to minos_core.o(.data) for OSTCBCur
    minos_q.o(i.OSQCreate) refers to minos_cpu.o(.text) for OS_CPU_SR_Save
    minos_q.o(i.OSQCreate) refers to minos_q.o(i.OS_EventWaitListInit) for OS_EventWaitListInit
    minos_q.o(i.OSQCreate) refers to minos_core.o(.data) for OSEventFreeList
    minos_q.o(i.OSQPend) refers to minos_cpu.o(.text) for OS_CPU_SR_Save
    minos_q.o(i.OSQPend) refers to minos_q.o(i.OS_EventTaskWait) for OS_EventTaskWait
    minos_q.o(i.OSQPend) refers to minos_core.o(i.OS_Sched) for OS_Sched
    minos_q.o(i.OSQPend) refers to minos_q.o(i.OS_EventTaskRemove) for OS_EventTaskRemove
    minos_q.o(i.OSQPend) refers to minos_core.o(.data) for OSTCBCur
    minos_q.o(i.OSQPost) refers to minos_cpu.o(.text) for OS_CPU_SR_Save
    minos_q.o(i.OSQPost) refers to minos_q.o(i.OS_EventTaskRdy) for OS_EventTaskRdy
    minos_q.o(i.OSQPost) refers to minos_core.o(i.OS_Sched) for OS_Sched
    minos_q.o(i.OS_EventTaskRdy) refers to minos_q.o(i.OS_EventTaskRemove) for OS_EventTaskRemove
    minos_q.o(i.OS_EventTaskRdy) refers to minos_core.o(.constdata) for OSUnMapTbl
    minos_q.o(i.OS_EventTaskRdy) refers to minos_core.o(.bss) for OSTCBPrioTbl
    minos_q.o(i.OS_EventTaskRdy) refers to minos_core.o(.data) for OSRdyGrp
    minos_q.o(i.OS_EventTaskWait) refers to minos_core.o(.data) for OSTCBCur
[...]
    stm32f2xx_rtc.o(i.RTC_CoarseCalibCmd) refers to stm32f2xx_rtc.o(i.RTC_ExitInitMode) for RTC_ExitInitMode
    stm32f2xx_rtc.o(i.RTC_CoarseCalibConfig) refers to stm32f2xx_rtc.o(i.RTC_EnterInitMode) for RTC_EnterInitMode
    stm32f2xx_rtc.o(i.RTC_CoarseCalibConfig) refers to stm32f2xx_rtc.o(i.RTC_ExitInitMode) for RTC_ExitInitMode
    stm32f2xx_rtc.o(i.RTC_DeInit) refers to stm32f2xx_rtc.o(i.RTC_EnterInitMode) for RTC_EnterInitMode
    stm32f2xx_rtc.o(i.RTC_DeInit) refers to stm32f2xx_rtc.o(i.RTC_WaitForSynchro) for RTC_WaitForSynchro
    stm32f2xx_rtc.o(i.RTC_GetAlarm) refers to stm32f2xx_rtc.o(i.RTC_Bcd2ToByte) for RTC_Bcd2ToByte
    stm32f2xx_rtc.o(i.RTC_GetDate) refers to stm32f2xx_rtc.o(i.RTC_Bcd2ToByte) for RTC_Bcd2ToByte
    stm32f2xx_rtc.o(i.RTC_GetTime) refers to stm32f2xx_rtc.o(i.RTC_Bcd2ToByte) for RTC_Bcd2ToByte
    stm32f2xx_rtc.o(i.RTC_GetTimeStamp) refers to stm32f2xx_rtc.o(i.RTC_Bcd2ToByte) for RTC_Bcd2ToByte
    stm32f2xx_rtc.o(i.RTC_Init) refers to stm32f2xx_rtc.o(i.RTC_EnterInitMode) for RTC_EnterInitMode
    stm32f2xx_rtc.o(i.RTC_Init) refers to stm32f2xx_rtc.o(i.RTC_ExitInitMode) for RTC_ExitInitMode
    stm32f2xx_rtc.o(i.RTC_RefClockCmd) refers to stm32f2xx_rtc.o(i.RTC_EnterInitMode) for RTC_EnterInitMode
    stm32f2xx_rtc.o(i.RTC_RefClockCmd) refers to stm32f2xx_rtc.o(i.RTC_ExitInitMode) for RTC_ExitInitMode
    stm32f2xx_rtc.o(i.RTC_SetAlarm) refers to stm32f2xx_rtc.o(i.RTC_Bcd2ToByte) for RTC_Bcd2ToByte
    stm32f2xx_rtc.o(i.RTC_SetAlarm) refers to stm32f2xx_rtc.o(i.RTC_ByteToBcd2) for RTC_ByteToBcd2
    stm32f2xx_rtc.o(i.RTC_SetDate) refers to stm32f2xx_rtc.o(i.RTC_Bcd2ToByte) for RTC_Bcd2ToByte
    stm32f2xx_rtc.o(i.RTC_SetDate) refers to stm32f2xx_rtc.o(i.RTC_EnterInitMode) for RTC_EnterInitMode
    stm32f2xx_rtc.o(i.RTC_SetDate) refers to stm32f2xx_rtc.o(i.RTC_ExitInitMode) for RTC_ExitInitMode
    stm32f2xx_rtc.o(i.RTC_SetDate) refers to stm32f2xx_rtc.o(i.RTC_WaitForSynchro) for RTC_WaitForSynchro
    stm32f2xx_rtc.o(i.RTC_SetDate) refers to stm32f2xx_rtc.o(i.RTC_ByteToBcd2) for RTC_ByteToBcd2
    stm32f2xx_rtc.o(i.RTC_SetTime) refers to stm32f2xx_rtc.o(i.RTC_Bcd2ToByte) for RTC_Bcd2ToByte
    stm32f2xx_rtc.o(i.RTC_SetTime) refers to stm32f2xx_rtc.o(i.RTC_ByteToBcd2) for RTC_ByteToBcd2
    stm32f2xx_rtc.o(i.RTC_SetTime) refers to stm32f2xx_rtc.o(i.RTC_EnterInitMode) for RTC_EnterInitMode
    stm32f2xx_rtc.o(i.RTC_SetTime) refers to stm32f2xx_rtc.o(i.RTC_ExitInitMode) for RTC_ExitInitMode
    stm32f2xx_rtc.o(i.RTC_SetTime) refers to stm32f2xx_rtc.o(i.RTC_WaitForSynchro) for RTC_WaitForSynchro
    stm32f2xx_sdio.o(i.SDIO_DeInit) refers to stm32f2xx_rcc.o(i.RCC_APB2PeriphResetCmd) for RCC_APB2PeriphResetCmd
    stm32f2xx_spi.o(i.SPI_I2S_DeInit) refers to stm32f2xx_rcc.o(i.RCC_APB2PeriphResetCmd) for RCC_APB2PeriphResetCmd
    stm32f2xx_spi.o(i.SPI_I2S_DeInit) refers to stm32f2xx_rcc.o(i.RCC_APB1PeriphResetCmd) for RCC_APB1PeriphResetCmd
    stm32f2xx_syscfg.o(i.SYSCFG_DeInit) refers to stm32f2xx_rcc.o(i.RCC_APB2PeriphResetCmd) for RCC_APB2PeriphResetCmd
    stm32f2xx_tim.o(i.TIM_DeInit) refers to stm32f2xx_rcc.o(i.RCC_APB2PeriphResetCmd) for RCC_APB2PeriphResetCmd
    stm32f2xx_tim.o(i.TIM_DeInit) refers to stm32f2xx_rcc.o(i.RCC_APB1PeriphResetCmd) for RCC_APB1PeriphResetCmd
    stm32f2xx_tim.o(i.TIM_ETRClockMode1Config) refers to stm32f2xx_tim.o(i.TIM_ETRConfig) for TIM_ETRConfig
    stm32f2xx_tim.o(i.TIM_ETRClockMode2Config) refers to stm32f2xx_tim.o(i.TIM_ETRConfig) for TIM_ETRConfig
    stm32f2xx_tim.o(i.TIM_ICInit) refers to stm32f2xx_tim.o(i.TIM_SetIC4Prescaler) for TIM_SetIC4Prescaler
    stm32f2xx_tim.o(i.TIM_ICInit) refers to stm32f2xx_tim.o(i.TI1_Config) for TI1_Config
    stm32f2xx_tim.o(i.TIM_ICInit) refers to stm32f2xx_tim.o(i.TIM_SetIC1Prescaler) for TIM_SetIC1Prescaler
    stm32f2xx_tim.o(i.TIM_ICInit) refers to stm32f2xx_tim.o(i.TI2_Config) for TI2_Config
    stm32f2xx_tim.o(i.TIM_ICInit) refers to stm32f2xx_tim.o(i.TIM_SetIC2Prescaler) for TIM_SetIC2Prescaler
    stm32f2xx_tim.o(i.TIM_ICInit) refers to stm32f2xx_tim.o(i.TIM_SetIC3Prescaler) for TIM_SetIC3Prescaler
    stm32f2xx_tim.o(i.TIM_ITRxExternalClockConfig) refers to stm32f2xx_tim.o(i.TIM_SelectInputTrigger) for TIM_SelectInputTrigger
    stm32f2xx_tim.o(i.TIM_PWMIConfig) refers to stm32f2xx_tim.o(i.TI2_Config) for TI2_Config
    stm32f2xx_tim.o(i.TIM_PWMIConfig) refers to stm32f2xx_tim.o(i.TIM_SetIC2Prescaler) for TIM_SetIC2Prescaler
    stm32f2xx_tim.o(i.TIM_PWMIConfig) refers to stm32f2xx_tim.o(i.TI1_Config) for TI1_Config
    stm32f2xx_tim.o(i.TIM_PWMIConfig) refers to stm32f2xx_tim.o(i.TIM_SetIC1Prescaler) for TIM_SetIC1Prescaler
    stm32f2xx_tim.o(i.TIM_TIxExternalClockConfig) refers to stm32f2xx_tim.o(i.TI1_Config) for TI1_Config
    stm32f2xx_tim.o(i.TIM_TIxExternalClockConfig) refers to stm32f2xx_tim.o(i.TIM_SelectInputTrigger) for TIM_SelectInputTrigger
    stm32f2xx_tim.o(i.TIM_TIxExternalClockConfig) refers to stm32f2xx_tim.o(i.TI2_Config) for TI2_Config
    stm32f2xx_usart.o(i.USART_DeInit) refers to stm32f2xx_rcc.o(i.RCC_APB2PeriphResetCmd) for RCC_APB2PeriphResetCmd
    stm32f2xx_usart.o(i.USART_DeInit) refers to stm32f2xx_rcc.o(i.RCC_APB1PeriphResetCmd) for RCC_APB1PeriphResetCmd
    stm32f2xx_usart.o(i.USART_Init) refers to stm32f2xx_rcc.o(i.RCC_GetClocksFreq) for RCC_GetClocksFreq
    stm32f2xx_wwdg.o(i.WWDG_DeInit) refers to stm32f2xx_rcc.o(i.RCC_APB1PeriphResetCmd) for RCC_APB1PeriphResetCmd
    system_stm32f2xx.o(i.SystemCoreClockUpdate) refers to system_stm32f2xx.o(.data) for .data
    system_stm32f2xx.o(i.SystemInit) refers to system_stm32f2xx.o(i.SetSysClock) for SetSysClock
    startup_stm32f2xx.o(RESET) refers to startup_stm32f2xx.o(STACK) for __initial_sp
    startup_stm32f2xx.o(RESET) refers to startup_stm32f2xx.o(.text) for Reset_Handler
    startup_stm32f2xx.o(RESET) refers to stm32f2xx_it.o(i.NMI_Handler) for NMI_Handler
    startup_stm32f2xx.o(RESET) refers to stm32f2xx_it.o(i.HardFault_Handler) for HardFault_Handler
    startup_stm32f2xx.o(RESET) refers to stm32f2xx_it.o(i.MemManage_Handler) for MemManage_Handler
    startup_stm32f2xx.o(RESET) refers to stm32f2xx_it.o(i.BusFault_Handler) for BusFault_Handler
    startup_stm32f2xx.o(RESET) refers to stm32f2xx_it.o(i.UsageFault_Handler) for UsageFault_Handler
    startup_stm32f2xx.o(RESET) refers to stm32f2xx_it.o(i.SVC_Handler) for SVC_Handler
    startup_stm32f2xx.o(RESET) refers to stm32f2xx_it.o(i.DebugMon_Handler) for DebugMon_Handler
    startup_stm32f2xx.o(RESET) refers to minos_cpu.o(.text) for PendSV_Handler
    startup_stm32f2xx.o(RESET) refers to stm32f2xx_it.o(i.SysTick_Handler) for SysTick_Handler
    startup_stm32f2xx.o(.text) refers to system_stm32f2xx.o(i.SystemInit) for SystemInit
    startup_stm32f2xx.o(.text) refers to entry.o(.ARM.Collect$$$$00000000) for __main
    entry.o(.ARM.Collect$$$$00000000) refers (Special) to entry10a.o(.ARM.Collect$$$$0000000D) for __rt_final_cpp
    entry.o(.ARM.Collect$$$$00000000) refers (Special) to entry11a.o(.ARM.Collect$$$$0000000F) for __rt_final_exit
    entry.o(.ARM.Collect$$$$00000000) refers (Special) to entry7b.o(.ARM.Collect$$$$00000008) for _main_clock
    entry.o(.ARM.Collect$$$$00000000) refers (Special) to entry8b.o(.ARM.Collect$$$$0000000A) for _main_cpp_init
    entry.o(.ARM.Collect$$$$00000000) refers (Special) to entry9a.o(.ARM.Collect$$$$0000000B) for _main_init
    entry.o(.ARM.Collect$$$$00000000) refers (Special) to entry5.o(.ARM.Collect$$$$00000004) for _main_scatterload
    entry.o(.ARM.Collect$$$$00000000) refers (Special) to entry2.o(.ARM.Collect$$$$00000001) for _main_stk
    entry2.o(.ARM.Collect$$$$00000001) refers to entry2.o(.ARM.Collect$$$$00002712) for __lit__00000000
    entry2.o(.ARM.Collect$$$$00002712) refers to startup_stm32f2xx.o(STACK) for __initial_sp
    entry2.o(__vectab_stack_and_reset_area) refers to startup_stm32f2xx.o(STACK) for __initial_sp
    entry2.o(__vectab_stack_and_reset_area) refers to entry.o(.ARM.Collect$$$$00000000) for __main
    entry5.o(.ARM.Collect$$$$00000004) refers to init.o(.text) for __scatterload
    entry9a.o(.ARM.Collect$$$$0000000B) refers to main.o(i.main) for main
    entry9b.o(.ARM.Collect$$$$0000000C) refers to main.o(i.main) for main
    init.o(.text) refers to entry5.o(.ARM.Collect$$$$00000004) for __main_after_scatterload


==============================================================================

Removing Unused input sections from the image.

    Removing main.o(.rev16_text), (4 bytes).
    Removing main.o(.revsh_text), (4 bytes).
    Removing main.o(.rrx_text), (6 bytes).
    Removing stm32f2xx_it.o(.rev16_text), (4 bytes).
    Removing stm32f2xx_it.o(.revsh_text), (4 bytes).
    Removing stm32f2xx_it.o(.rrx_text), (6 bytes).
    Removing stm32f2xx_init.o(.rev16_text), (4 bytes).
    Removing stm32f2xx_init.o(.revsh_text), (4 bytes).
    Removing stm32f2xx_init.o(.rrx_text), (6 bytes).
    Removing stm32f2xx_init.o(i.STM32Init), (2 bytes).
    Removing task00_alpha.o(.rev16_text), (4 bytes).
    Removing task00_alpha.o(.revsh_text), (4 bytes).
    Removing task00_alpha.o(.rrx_text), (6 bytes).
    Removing task01_getvoltage.o(.rev16_text), (4 bytes).
    Removing task01_getvoltage.o(.revsh_text), (4 bytes).
    Removing task01_getvoltage.o(.rrx_text), (6 bytes).
    Removing task02_gettemper.o(.rev16_text), (4 bytes).
    Removing task02_gettemper.o(.revsh_text), (4 bytes).
    Removing task02_gettemper.o(.rrx_text), (6 bytes).
    Removing minos_q.o(i.OSQCreate), (108 bytes).
    Removing minos_q.o(i.OSQPend), (152 bytes).
    Removing minos_q.o(i.OSQPost), (96 bytes).
    Removing minos_q.o(i.OS_EventTaskRdy), (92 bytes).
    Removing minos_q.o(i.OS_EventTaskRemove), (26 bytes).
    Removing minos_q.o(i.OS_EventTaskWait), (68 bytes).
    Removing minos_q.o(i.OS_EventWaitListInit), (22 bytes).
    Removing misc.o(.rev16_text), (4 bytes).
    Removing misc.o(.revsh_text), (4 bytes).
    Removing misc.o(.rrx_text), (6 bytes).
    Removing misc.o(i.NVIC_Init), (100 bytes).
    Removing misc.o(i.NVIC_PriorityGroupConfig), (20 bytes).
    Removing misc.o(i.NVIC_SetVectorTable), (20 bytes).
    Removing misc.o(i.NVIC_SystemLPConfig), (24 bytes).
    Removing misc.o(i.SysTick_CLKSourceConfig), (24 bytes).
    Removing stm32f2xx_adc.o(.rev16_text), (4 bytes).
    Removing stm32f2xx_adc.o(.revsh_text), (4 bytes).
    Removing stm32f2xx_adc.o(.rrx_text), (6 bytes).
    Removing stm32f2xx_adc.o(i.ADC_AnalogWatchdogCmd), (16 bytes).
    Removing stm32f2xx_adc.o(i.ADC_AnalogWatchdogSingleChannelConfig), (12 bytes).
    Removing stm32f2xx_adc.o(i.ADC_AnalogWatchdogThresholdsConfig), (6 bytes).
    Removing stm32f2xx_adc.o(i.ADC_AutoInjectedConvCmd), (20 bytes).
    Removing stm32f2xx_adc.o(i.ADC_ClearFlag), (6 bytes).
    Removing stm32f2xx_adc.o(i.ADC_ClearITPendingBit), (8 bytes).
    Removing stm32f2xx_adc.o(i.ADC_Cmd), (20 bytes).
    Removing stm32f2xx_adc.o(i.ADC_CommonInit), (44 bytes).
    Removing stm32f2xx_adc.o(i.ADC_CommonStructInit), (12 bytes).
    Removing stm32f2xx_adc.o(i.ADC_ContinuousModeCmd), (20 bytes).
    Removing stm32f2xx_adc.o(i.ADC_DMACmd), (20 bytes).
    Removing stm32f2xx_adc.o(i.ADC_DMARequestAfterLastTransferCmd), (20 bytes).
    Removing stm32f2xx_adc.o(i.ADC_DeInit), (24 bytes).
    Removing stm32f2xx_adc.o(i.ADC_DiscModeChannelCountConfig), (16 bytes).
    Removing stm32f2xx_adc.o(i.ADC_DiscModeCmd), (20 bytes).
    Removing stm32f2xx_adc.o(i.ADC_EOCOnEachRegularChannelCmd), (20 bytes).
    Removing stm32f2xx_adc.o(i.ADC_ExternalTrigInjectedConvConfig), (12 bytes).
    Removing stm32f2xx_adc.o(i.ADC_ExternalTrigInjectedConvEdgeConfig), (12 bytes).
    Removing stm32f2xx_adc.o(i.ADC_GetConversionValue), (6 bytes).
    Removing stm32f2xx_adc.o(i.ADC_GetFlagStatus), (14 bytes).
    Removing stm32f2xx_adc.o(i.ADC_GetITStatus), (30 bytes).
    Removing stm32f2xx_adc.o(i.ADC_GetInjectedConversionValue), (14 bytes).
    Removing stm32f2xx_adc.o(i.ADC_GetMultiModeConversionValue), (12 bytes).
    Removing stm32f2xx_adc.o(i.ADC_GetSoftwareStartConvStatus), (14 bytes).
    Removing stm32f2xx_adc.o(i.ADC_GetSoftwareStartInjectedConvCmdStatus), (14 bytes).
    Removing stm32f2xx_adc.o(i.ADC_ITConfig), (18 bytes).
    Removing stm32f2xx_adc.o(i.ADC_Init), (76 bytes).
    Removing stm32f2xx_adc.o(i.ADC_InjectedChannelConfig), (74 bytes).
    Removing stm32f2xx_adc.o(i.ADC_InjectedDiscModeCmd), (20 bytes).
    Removing stm32f2xx_adc.o(i.ADC_InjectedSequencerLengthConfig), (16 bytes).
    Removing stm32f2xx_adc.o(i.ADC_MultiModeDMARequestAfterLastTransferCmd), (32 bytes).
    Removing stm32f2xx_adc.o(i.ADC_RegularChannelConfig), (116 bytes).
    Removing stm32f2xx_adc.o(i.ADC_SetInjectedOffset), (10 bytes).
    Removing stm32f2xx_adc.o(i.ADC_SoftwareStartConv), (10 bytes).
    Removing stm32f2xx_adc.o(i.ADC_SoftwareStartInjectedConv), (10 bytes).
    Removing stm32f2xx_adc.o(i.ADC_StructInit), (20 bytes).
    Removing stm32f2xx_adc.o(i.ADC_TempSensorVrefintCmd), (32 bytes).
    Removing stm32f2xx_adc.o(i.ADC_VBATCmd), (32 bytes).
    Removing stm32f2xx_can.o(.rev16_text), (4 bytes).
    Removing stm32f2xx_can.o(.revsh_text), (4 bytes).
    Removing stm32f2xx_can.o(.rrx_text), (6 bytes).
    Removing stm32f2xx_can.o(i.CAN_CancelTransmit), (36 bytes).
    Removing stm32f2xx_can.o(i.CAN_ClearFlag), (48 bytes).
    Removing stm32f2xx_can.o(i.CAN_ClearITPendingBit), (120 bytes).
    Removing stm32f2xx_can.o(i.CAN_DBGFreeze), (20 bytes).
    Removing stm32f2xx_can.o(i.CAN_DeInit), (44 bytes).
    Removing stm32f2xx_can.o(i.CAN_FIFORelease), (22 bytes).
    Removing stm32f2xx_can.o(i.CAN_FilterInit), (204 bytes).
    Removing stm32f2xx_can.o(i.CAN_GetFlagStatus), (52 bytes).
    Removing stm32f2xx_can.o(i.CAN_GetITStatus), (168 bytes).
    Removing stm32f2xx_can.o(i.CAN_GetLSBTransmitErrorCounter), (8 bytes).
    Removing stm32f2xx_can.o(i.CAN_GetLastErrorCode), (10 bytes).
    Removing stm32f2xx_can.o(i.CAN_GetReceiveErrorCounter), (6 bytes).
    Removing stm32f2xx_can.o(i.CAN_ITConfig), (16 bytes).
    Removing stm32f2xx_can.o(i.CAN_Init), (232 bytes).
    Removing stm32f2xx_can.o(i.CAN_MessagePending), (22 bytes).
    Removing stm32f2xx_can.o(i.CAN_OperatingModeRequest), (140 bytes).
    Removing stm32f2xx_can.o(i.CAN_Receive), (144 bytes).
    Removing stm32f2xx_can.o(i.CAN_SlaveStartBank), (44 bytes).
    Removing stm32f2xx_can.o(i.CAN_Sleep), (30 bytes).
    Removing stm32f2xx_can.o(i.CAN_StructInit), (32 bytes).
    Removing stm32f2xx_can.o(i.CAN_TTComModeCmd), (90 bytes).
    Removing stm32f2xx_can.o(i.CAN_Transmit), (164 bytes).
    Removing stm32f2xx_can.o(i.CAN_TransmitStatus), (108 bytes).
    Removing stm32f2xx_can.o(i.CAN_WakeUp), (40 bytes).
    Removing stm32f2xx_can.o(i.CheckITStatus), (12 bytes).
    Removing stm32f2xx_crc.o(.rev16_text), (4 bytes).
    Removing stm32f2xx_crc.o(.revsh_text), (4 bytes).
    Removing stm32f2xx_crc.o(.rrx_text), (6 bytes).
    Removing stm32f2xx_crc.o(i.CRC_CalcBlockCRC), (28 bytes).
    Removing stm32f2xx_crc.o(i.CRC_CalcCRC), (12 bytes).
    Removing stm32f2xx_crc.o(i.CRC_GetCRC), (12 bytes).
    Removing stm32f2xx_crc.o(i.CRC_GetIDRegister), (12 bytes).
    Removing stm32f2xx_crc.o(i.CRC_ResetDR), (12 bytes).
    Removing stm32f2xx_crc.o(i.CRC_SetIDRegister), (12 bytes).
    Removing stm32f2xx_cryp.o(.rev16_text), (4 bytes).
    Removing stm32f2xx_cryp.o(.revsh_text), (4 bytes).
    Removing stm32f2xx_cryp.o(.rrx_text), (6 bytes).
    Removing stm32f2xx_cryp.o(i.CRYP_Cmd), (28 bytes).
    Removing stm32f2xx_cryp.o(i.CRYP_DMACmd), (28 bytes).
    Removing stm32f2xx_cryp.o(i.CRYP_DataIn), (12 bytes).
    Removing stm32f2xx_cryp.o(i.CRYP_DataOut), (12 bytes).
    Removing stm32f2xx_cryp.o(i.CRYP_DeInit), (22 bytes).
    Removing stm32f2xx_cryp.o(i.CRYP_FIFOFlush), (16 bytes).
    Removing stm32f2xx_cryp.o(i.CRYP_GetFlagStatus), (28 bytes).
    Removing stm32f2xx_cryp.o(i.CRYP_GetITStatus), (20 bytes).
    Removing stm32f2xx_cryp.o(i.CRYP_ITConfig), (28 bytes).
    Removing stm32f2xx_cryp.o(i.CRYP_IVInit), (24 bytes).
    Removing stm32f2xx_cryp.o(i.CRYP_IVStructInit), (12 bytes).
    Removing stm32f2xx_cryp.o(i.CRYP_Init), (92 bytes).
    Removing stm32f2xx_cryp.o(i.CRYP_KeyInit), (40 bytes).
    Removing stm32f2xx_cryp.o(i.CRYP_KeyStructInit), (20 bytes).
    Removing stm32f2xx_cryp.o(i.CRYP_RestoreContext), (68 bytes).
    Removing stm32f2xx_cryp.o(i.CRYP_SaveContext), (144 bytes).
    Removing stm32f2xx_cryp.o(i.CRYP_StructInit), (12 bytes).
    Removing stm32f2xx_cryp_aes.o(.rev16_text), (4 bytes).
    Removing stm32f2xx_cryp_aes.o(.revsh_text), (4 bytes).
    Removing stm32f2xx_cryp_aes.o(.rrx_text), (6 bytes).
    Removing stm32f2xx_cryp_aes.o(i.CRYP_AES_CBC), (446 bytes).
    Removing stm32f2xx_cryp_aes.o(i.CRYP_AES_CTR), (390 bytes).
    Removing stm32f2xx_cryp_aes.o(i.CRYP_AES_ECB), (412 bytes).
    Removing stm32f2xx_cryp_des.o(.rev16_text), (4 bytes).
    Removing stm32f2xx_cryp_des.o(.revsh_text), (4 bytes).
    Removing stm32f2xx_cryp_des.o(.rrx_text), (6 bytes).
    Removing stm32f2xx_cryp_des.o(i.CRYP_DES_CBC), (224 bytes).
    Removing stm32f2xx_cryp_des.o(i.CRYP_DES_ECB), (202 bytes).
    Removing stm32f2xx_cryp_tdes.o(.rev16_text), (4 bytes).
    Removing stm32f2xx_cryp_tdes.o(.revsh_text), (4 bytes).
    Removing stm32f2xx_cryp_tdes.o(.rrx_text), (6 bytes).
    Removing stm32f2xx_cryp_tdes.o(i.CRYP_TDES_CBC), (248 bytes).
    Removing stm32f2xx_cryp_tdes.o(i.CRYP_TDES_ECB), (224 bytes).
    Removing stm32f2xx_dac.o(.rev16_text), (4 bytes).
    Removing stm32f2xx_dac.o(.revsh_text), (4 bytes).
    Removing stm32f2xx_dac.o(.rrx_text), (6 bytes).
    Removing stm32f2xx_dac.o(i.DAC_ClearFlag), (12 bytes).
    Removing stm32f2xx_dac.o(i.DAC_ClearITPendingBit), (12 bytes).
    Removing stm32f2xx_dac.o(i.DAC_Cmd), (24 bytes).
    Removing stm32f2xx_dac.o(i.DAC_DMACmd), (24 bytes).
    Removing stm32f2xx_dac.o(i.DAC_DeInit), (24 bytes).
    Removing stm32f2xx_dac.o(i.DAC_DualSoftwareTriggerCmd), (28 bytes).
    Removing stm32f2xx_dac.o(i.DAC_GetDataOutputValue), (24 bytes).
    Removing stm32f2xx_dac.o(i.DAC_GetFlagStatus), (24 bytes).
    Removing stm32f2xx_dac.o(i.DAC_GetITStatus), (36 bytes).
    Removing stm32f2xx_dac.o(i.DAC_ITConfig), (24 bytes).
    Removing stm32f2xx_dac.o(i.DAC_Init), (40 bytes).
    Removing stm32f2xx_dac.o(i.DAC_SetChannel1Data), (20 bytes).
    Removing stm32f2xx_dac.o(i.DAC_SetChannel2Data), (20 bytes).
    Removing stm32f2xx_dac.o(i.DAC_SetDualChannelData), (28 bytes).
    Removing stm32f2xx_dac.o(i.DAC_SoftwareTriggerCmd), (28 bytes).
    Removing stm32f2xx_dac.o(i.DAC_StructInit), (12 bytes).
    Removing stm32f2xx_dac.o(i.DAC_WaveGenerationCmd), (24 bytes).
    Removing stm32f2xx_dbgmcu.o(.rev16_text), (4 bytes).
    Removing stm32f2xx_dbgmcu.o(.revsh_text), (4 bytes).
    Removing stm32f2xx_dbgmcu.o(.rrx_text), (6 bytes).
    Removing stm32f2xx_dbgmcu.o(i.DBGMCU_APB1PeriphConfig), (24 bytes).
    Removing stm32f2xx_dbgmcu.o(i.DBGMCU_APB2PeriphConfig), (24 bytes).
    Removing stm32f2xx_dbgmcu.o(i.DBGMCU_Config), (24 bytes).
    Removing stm32f2xx_dbgmcu.o(i.DBGMCU_GetDEVID), (16 bytes).
    Removing stm32f2xx_dbgmcu.o(i.DBGMCU_GetREVID), (12 bytes).
    Removing stm32f2xx_dcmi.o(.rev16_text), (4 bytes).
    Removing stm32f2xx_dcmi.o(.revsh_text), (4 bytes).
    Removing stm32f2xx_dcmi.o(.rrx_text), (6 bytes).
    Removing stm32f2xx_dcmi.o(i.DCMI_CROPCmd), (28 bytes).
    Removing stm32f2xx_dcmi.o(i.DCMI_CROPConfig), (24 bytes).
    Removing stm32f2xx_dcmi.o(i.DCMI_CaptureCmd), (28 bytes).
    Removing stm32f2xx_dcmi.o(i.DCMI_ClearFlag), (12 bytes).
    Removing stm32f2xx_dcmi.o(i.DCMI_ClearITPendingBit), (12 bytes).
    Removing stm32f2xx_dcmi.o(i.DCMI_Cmd), (28 bytes).
    Removing stm32f2xx_dcmi.o(i.DCMI_DeInit), (28 bytes).
    Removing stm32f2xx_dcmi.o(i.DCMI_GetFlagStatus), (36 bytes).
    Removing stm32f2xx_dcmi.o(i.DCMI_GetITStatus), (20 bytes).
    Removing stm32f2xx_dcmi.o(i.DCMI_ITConfig), (28 bytes).
    Removing stm32f2xx_dcmi.o(i.DCMI_Init), (60 bytes).
    Removing stm32f2xx_dcmi.o(i.DCMI_JPEGCmd), (28 bytes).
    Removing stm32f2xx_dcmi.o(i.DCMI_ReadData), (12 bytes).
    Removing stm32f2xx_dcmi.o(i.DCMI_SetEmbeddedSynchroCodes), (20 bytes).
    Removing stm32f2xx_dcmi.o(i.DCMI_StructInit), (18 bytes).
    Removing stm32f2xx_dma.o(.rev16_text), (4 bytes).
    Removing stm32f2xx_dma.o(.revsh_text), (4 bytes).
    Removing stm32f2xx_dma.o(.rrx_text), (6 bytes).
    Removing stm32f2xx_dma.o(i.DMA_ClearFlag), (44 bytes).
    Removing stm32f2xx_dma.o(i.DMA_ClearITPendingBit), (44 bytes).
    Removing stm32f2xx_dma.o(i.DMA_Cmd), (20 bytes).
    Removing stm32f2xx_dma.o(i.DMA_DeInit), (292 bytes).
    Removing stm32f2xx_dma.o(i.DMA_DoubleBufferModeCmd), (20 bytes).
    Removing stm32f2xx_dma.o(i.DMA_DoubleBufferModeConfig), (22 bytes).
    Removing stm32f2xx_dma.o(i.DMA_FlowControllerConfig), (20 bytes).
    Removing stm32f2xx_dma.o(i.DMA_GetCmdStatus), (14 bytes).
    Removing stm32f2xx_dma.o(i.DMA_GetCurrDataCounter), (6 bytes).
    Removing stm32f2xx_dma.o(i.DMA_GetCurrentMemoryTarget), (14 bytes).
    Removing stm32f2xx_dma.o(i.DMA_GetFIFOStatus), (8 bytes).
    Removing stm32f2xx_dma.o(i.DMA_GetFlagStatus), (52 bytes).
    Removing stm32f2xx_dma.o(i.DMA_GetITStatus), (84 bytes).
    Removing stm32f2xx_dma.o(i.DMA_ITConfig), (44 bytes).
    Removing stm32f2xx_dma.o(i.DMA_Init), (84 bytes).
    Removing stm32f2xx_dma.o(i.DMA_MemoryTargetConfig), (10 bytes).
    Removing stm32f2xx_dma.o(i.DMA_PeriphIncOffsetSizeConfig), (20 bytes).
    Removing stm32f2xx_dma.o(i.DMA_SetCurrDataCounter), (4 bytes).
    Removing stm32f2xx_dma.o(i.DMA_StructInit), (34 bytes).
    Removing stm32f2xx_exti.o(.rev16_text), (4 bytes).
    Removing stm32f2xx_exti.o(.revsh_text), (4 bytes).
    Removing stm32f2xx_exti.o(.rrx_text), (6 bytes).
    Removing stm32f2xx_exti.o(i.EXTI_ClearFlag), (12 bytes).
    Removing stm32f2xx_exti.o(i.EXTI_ClearITPendingBit), (12 bytes).
    Removing stm32f2xx_exti.o(i.EXTI_DeInit), (36 bytes).
    Removing stm32f2xx_exti.o(i.EXTI_GenerateSWInterrupt), (16 bytes).
    Removing stm32f2xx_exti.o(i.EXTI_GetFlagStatus), (20 bytes).
    Removing stm32f2xx_exti.o(i.EXTI_GetITStatus), (32 bytes).
    Removing stm32f2xx_exti.o(i.EXTI_Init), (112 bytes).
    Removing stm32f2xx_exti.o(i.EXTI_StructInit), (14 bytes).
    Removing stm32f2xx_flash.o(.rev16_text), (4 bytes).
    Removing stm32f2xx_flash.o(.revsh_text), (4 bytes).
    Removing stm32f2xx_flash.o(.rrx_text), (6 bytes).
    Removing stm32f2xx_flash.o(i.FLASH_ClearFlag), (12 bytes).
    Removing stm32f2xx_flash.o(i.FLASH_DataCacheCmd), (28 bytes).
    Removing stm32f2xx_flash.o(i.FLASH_DataCacheReset), (16 bytes).
    Removing stm32f2xx_flash.o(i.FLASH_EraseAllSectors), (92 bytes).
    Removing stm32f2xx_flash.o(i.FLASH_EraseSector), (108 bytes).
    Removing stm32f2xx_flash.o(i.FLASH_GetFlagStatus), (20 bytes).
    Removing stm32f2xx_flash.o(i.FLASH_GetStatus), (52 bytes).
    Removing stm32f2xx_flash.o(i.FLASH_ITConfig), (24 bytes).
    Removing stm32f2xx_flash.o(i.FLASH_InstructionCacheCmd), (28 bytes).
    Removing stm32f2xx_flash.o(i.FLASH_InstructionCacheReset), (16 bytes).
    Removing stm32f2xx_flash.o(i.FLASH_Lock), (16 bytes).
    Removing stm32f2xx_flash.o(i.FLASH_OB_BORConfig), (24 bytes).
    Removing stm32f2xx_flash.o(i.FLASH_OB_GetBOR), (16 bytes).
    Removing stm32f2xx_flash.o(i.FLASH_OB_GetRDP), (20 bytes).
    Removing stm32f2xx_flash.o(i.FLASH_OB_GetUser), (16 bytes).
    Removing stm32f2xx_flash.o(i.FLASH_OB_GetWRP), (12 bytes).
    Removing stm32f2xx_flash.o(i.FLASH_OB_Launch), (20 bytes).
    Removing stm32f2xx_flash.o(i.FLASH_OB_Lock), (16 bytes).
    Removing stm32f2xx_flash.o(i.FLASH_OB_RDPConfig), (24 bytes).
    Removing stm32f2xx_flash.o(i.FLASH_OB_Unlock), (36 bytes).
    Removing stm32f2xx_flash.o(i.FLASH_OB_UserConfig), (40 bytes).
    Removing stm32f2xx_flash.o(i.FLASH_OB_WRPConfig), (36 bytes).
    Removing stm32f2xx_flash.o(i.FLASH_PrefetchBufferCmd), (28 bytes).
    Removing stm32f2xx_flash.o(i.FLASH_ProgramByte), (56 bytes).
    Removing stm32f2xx_flash.o(i.FLASH_ProgramDoubleWord), (64 bytes).
    Removing stm32f2xx_flash.o(i.FLASH_ProgramHalfWord), (60 bytes).
    Removing stm32f2xx_flash.o(i.FLASH_ProgramWord), (60 bytes).
    Removing stm32f2xx_flash.o(i.FLASH_SetLatency), (12 bytes).
    Removing stm32f2xx_flash.o(i.FLASH_Unlock), (36 bytes).
    Removing stm32f2xx_flash.o(i.FLASH_WaitForLastOperation), (30 bytes).
    Removing stm32f2xx_fsmc.o(.rev16_text), (4 bytes).
    Removing stm32f2xx_fsmc.o(.revsh_text), (4 bytes).
    Removing stm32f2xx_fsmc.o(.rrx_text), (6 bytes).
    Removing stm32f2xx_fsmc.o(i.FSMC_ClearFlag), (38 bytes).
    Removing stm32f2xx_fsmc.o(i.FSMC_ClearITPendingBit), (44 bytes).
    Removing stm32f2xx_fsmc.o(i.FSMC_GetECC), (18 bytes).
    Removing stm32f2xx_fsmc.o(i.FSMC_GetFlagStatus), (40 bytes).
    Removing stm32f2xx_fsmc.o(i.FSMC_GetITStatus), (48 bytes).
    Removing stm32f2xx_fsmc.o(i.FSMC_ITConfig), (72 bytes).
    Removing stm32f2xx_fsmc.o(i.FSMC_NANDCmd), (56 bytes).
    Removing stm32f2xx_fsmc.o(i.FSMC_NANDDeInit), (40 bytes).
    Removing stm32f2xx_fsmc.o(i.FSMC_NANDECCCmd), (56 bytes).
    Removing stm32f2xx_fsmc.o(i.FSMC_NANDInit), (104 bytes).
    Removing stm32f2xx_fsmc.o(i.FSMC_NANDStructInit), (54 bytes).
    Removing stm32f2xx_fsmc.o(i.FSMC_NORSRAMCmd), (32 bytes).
    Removing stm32f2xx_fsmc.o(i.FSMC_NORSRAMDeInit), (40 bytes).
    Removing stm32f2xx_fsmc.o(i.FSMC_NORSRAMInit), (200 bytes).
    Removing stm32f2xx_fsmc.o(i.FSMC_NORSRAMStructInit), (98 bytes).
    Removing stm32f2xx_fsmc.o(i.FSMC_PCCARDCmd), (32 bytes).
    Removing stm32f2xx_fsmc.o(i.FSMC_PCCARDDeInit), (26 bytes).
    Removing stm32f2xx_fsmc.o(i.FSMC_PCCARDInit), (102 bytes).
    Removing stm32f2xx_fsmc.o(i.FSMC_PCCARDStructInit), (60 bytes).
    Removing stm32f2xx_gpio.o(.rev16_text), (4 bytes).
    Removing stm32f2xx_gpio.o(.revsh_text), (4 bytes).
    Removing stm32f2xx_gpio.o(.rrx_text), (6 bytes).
    Removing stm32f2xx_gpio.o(i.GPIO_DeInit), (228 bytes).
    Removing stm32f2xx_gpio.o(i.GPIO_Init), (162 bytes).
    Removing stm32f2xx_gpio.o(i.GPIO_PinAFConfig), (32 bytes).
    Removing stm32f2xx_gpio.o(i.GPIO_PinLockConfig), (24 bytes).
    Removing stm32f2xx_gpio.o(i.GPIO_ReadInputData), (6 bytes).
    Removing stm32f2xx_gpio.o(i.GPIO_ReadInputDataBit), (14 bytes).
    Removing stm32f2xx_gpio.o(i.GPIO_ReadOutputData), (6 bytes).
    Removing stm32f2xx_gpio.o(i.GPIO_ReadOutputDataBit), (14 bytes).
    Removing stm32f2xx_gpio.o(i.GPIO_ResetBits), (4 bytes).
    Removing stm32f2xx_gpio.o(i.GPIO_SetBits), (4 bytes).
    Removing stm32f2xx_gpio.o(i.GPIO_StructInit), (18 bytes).
    Removing stm32f2xx_gpio.o(i.GPIO_ToggleBits), (8 bytes).
    Removing stm32f2xx_gpio.o(i.GPIO_Write), (4 bytes).
    Removing stm32f2xx_gpio.o(i.GPIO_WriteBit), (10 bytes).
    Removing stm32f2xx_hash.o(.rev16_text), (4 bytes).
    Removing stm32f2xx_hash.o(.revsh_text), (4 bytes).
    Removing stm32f2xx_hash.o(.rrx_text), (6 bytes).
    Removing stm32f2xx_hash.o(i.HASH_ClearFlag), (12 bytes).
    Removing stm32f2xx_hash.o(i.HASH_ClearITPendingBit), (16 bytes).
    Removing stm32f2xx_hash.o(i.HASH_DMACmd), (28 bytes).
    Removing stm32f2xx_hash.o(i.HASH_DataIn), (12 bytes).
    Removing stm32f2xx_hash.o(i.HASH_DeInit), (22 bytes).
    Removing stm32f2xx_hash.o(i.HASH_GetDigest), (44 bytes).
    Removing stm32f2xx_hash.o(i.HASH_GetFlagStatus), (32 bytes).
    Removing stm32f2xx_hash.o(i.HASH_GetITStatus), (28 bytes).
    Removing stm32f2xx_hash.o(i.HASH_GetInFIFOWordsNbr), (16 bytes).
    Removing stm32f2xx_hash.o(i.HASH_ITConfig), (28 bytes).
    Removing stm32f2xx_hash.o(i.HASH_Init), (64 bytes).
    Removing stm32f2xx_hash.o(i.HASH_Reset), (16 bytes).
    Removing stm32f2xx_hash.o(i.HASH_RestoreContext), (68 bytes).
    Removing stm32f2xx_hash.o(i.HASH_SaveContext), (60 bytes).
    Removing stm32f2xx_hash.o(i.HASH_SetLastWordValidBitsNbr), (24 bytes).
    Removing stm32f2xx_hash.o(i.HASH_StartDigest), (16 bytes).
    Removing stm32f2xx_hash.o(i.HASH_StructInit), (12 bytes).
    Removing stm32f2xx_hash_md5.o(.rev16_text), (4 bytes).
    Removing stm32f2xx_hash_md5.o(.revsh_text), (4 bytes).
    Removing stm32f2xx_hash_md5.o(.rrx_text), (6 bytes).
    Removing stm32f2xx_hash_md5.o(i.HASH_MD5), (158 bytes).
    Removing stm32f2xx_hash_md5.o(i.HMAC_MD5), (320 bytes).
    Removing stm32f2xx_hash_sha1.o(.rev16_text), (4 bytes).
    Removing stm32f2xx_hash_sha1.o(.revsh_text), (4 bytes).
    Removing stm32f2xx_hash_sha1.o(.rrx_text), (6 bytes).
    Removing stm32f2xx_hash_sha1.o(i.HASH_SHA1), (164 bytes).
    Removing stm32f2xx_hash_sha1.o(i.HMAC_SHA1), (324 bytes).
    Removing stm32f2xx_i2c.o(.rev16_text), (4 bytes).
    Removing stm32f2xx_i2c.o(.revsh_text), (4 bytes).
    Removing stm32f2xx_i2c.o(.rrx_text), (6 bytes).
    Removing stm32f2xx_i2c.o(i.I2C_ARPCmd), (20 bytes).
    Removing stm32f2xx_i2c.o(i.I2C_AcknowledgeConfig), (20 bytes).
    Removing stm32f2xx_i2c.o(i.I2C_CalculatePEC), (20 bytes).
    Removing stm32f2xx_i2c.o(i.I2C_CheckEvent), (24 bytes).
    Removing stm32f2xx_i2c.o(i.I2C_ClearFlag), (6 bytes).
    Removing stm32f2xx_i2c.o(i.I2C_ClearITPendingBit), (6 bytes).
    Removing stm32f2xx_i2c.o(i.I2C_Cmd), (20 bytes).
    Removing stm32f2xx_i2c.o(i.I2C_DMACmd), (20 bytes).
    Removing stm32f2xx_i2c.o(i.I2C_DMALastTransferCmd), (20 bytes).
    Removing stm32f2xx_i2c.o(i.I2C_DeInit), (68 bytes).
    Removing stm32f2xx_i2c.o(i.I2C_DualAddressCmd), (20 bytes).
    Removing stm32f2xx_i2c.o(i.I2C_FastModeDutyCycleConfig), (22 bytes).
    Removing stm32f2xx_i2c.o(i.I2C_GeneralCallCmd), (20 bytes).
    Removing stm32f2xx_i2c.o(i.I2C_GenerateSTART), (20 bytes).
    Removing stm32f2xx_i2c.o(i.I2C_GenerateSTOP), (20 bytes).
    Removing stm32f2xx_i2c.o(i.I2C_GetFlagStatus), (42 bytes).
    Removing stm32f2xx_i2c.o(i.I2C_GetITStatus), (36 bytes).
    Removing stm32f2xx_i2c.o(i.I2C_GetLastEvent), (14 bytes).
    Removing stm32f2xx_i2c.o(i.I2C_GetPEC), (6 bytes).
    Removing stm32f2xx_i2c.o(i.I2C_ITConfig), (16 bytes).
    Removing stm32f2xx_i2c.o(i.I2C_Init), (184 bytes).
    Removing stm32f2xx_i2c.o(i.I2C_NACKPositionConfig), (22 bytes).
    Removing stm32f2xx_i2c.o(i.I2C_OwnAddress2Config), (16 bytes).
    Removing stm32f2xx_i2c.o(i.I2C_PECPositionConfig), (22 bytes).
    Removing stm32f2xx_i2c.o(i.I2C_ReadRegister), (10 bytes).
    Removing stm32f2xx_i2c.o(i.I2C_ReceiveData), (6 bytes).
    Removing stm32f2xx_i2c.o(i.I2C_SMBusAlertConfig), (22 bytes).
    Removing stm32f2xx_i2c.o(i.I2C_Send7bitAddress), (16 bytes).
    Removing stm32f2xx_i2c.o(i.I2C_SendData), (4 bytes).
    Removing stm32f2xx_i2c.o(i.I2C_SoftwareResetCmd), (20 bytes).
    Removing stm32f2xx_i2c.o(i.I2C_StretchClockCmd), (20 bytes).
    Removing stm32f2xx_i2c.o(i.I2C_StructInit), (28 bytes).
    Removing stm32f2xx_i2c.o(i.I2C_TransmitPEC), (20 bytes).
    Removing stm32f2xx_iwdg.o(.rev16_text), (4 bytes).
    Removing stm32f2xx_iwdg.o(.revsh_text), (4 bytes).
    Removing stm32f2xx_iwdg.o(.rrx_text), (6 bytes).
    Removing stm32f2xx_iwdg.o(i.IWDG_Enable), (16 bytes).
    Removing stm32f2xx_iwdg.o(i.IWDG_GetFlagStatus), (20 bytes).
    Removing stm32f2xx_iwdg.o(i.IWDG_ReloadCounter), (16 bytes).
    Removing stm32f2xx_iwdg.o(i.IWDG_SetPrescaler), (12 bytes).
    Removing stm32f2xx_iwdg.o(i.IWDG_SetReload), (12 bytes).
    Removing stm32f2xx_iwdg.o(i.IWDG_WriteAccessCmd), (12 bytes).
    Removing stm32f2xx_pwr.o(.rev16_text), (4 bytes).
    Removing stm32f2xx_pwr.o(.revsh_text), (4 bytes).
    Removing stm32f2xx_pwr.o(.rrx_text), (6 bytes).
    Removing stm32f2xx_pwr.o(i.PWR_BackupAccessCmd), (12 bytes).
    Removing stm32f2xx_pwr.o(i.PWR_BackupRegulatorCmd), (12 bytes).
    Removing stm32f2xx_pwr.o(i.PWR_ClearFlag), (16 bytes).
    Removing stm32f2xx_pwr.o(i.PWR_DeInit), (24 bytes).
    Removing stm32f2xx_pwr.o(i.PWR_EnterSTANDBYMode), (40 bytes).
    Removing stm32f2xx_pwr.o(i.PWR_EnterSTOPMode), (52 bytes).
    Removing stm32f2xx_pwr.o(i.PWR_FlashPowerDownCmd), (12 bytes).
    Removing stm32f2xx_pwr.o(i.PWR_GetFlagStatus), (20 bytes).
    Removing stm32f2xx_pwr.o(i.PWR_PVDCmd), (12 bytes).
    Removing stm32f2xx_pwr.o(i.PWR_PVDLevelConfig), (20 bytes).
    Removing stm32f2xx_pwr.o(i.PWR_WakeUpPinCmd), (12 bytes).
    Removing stm32f2xx_rcc.o(.rev16_text), (4 bytes).
    Removing stm32f2xx_rcc.o(.revsh_text), (4 bytes).
    Removing stm32f2xx_rcc.o(.rrx_text), (6 bytes).
    Removing stm32f2xx_rcc.o(i.RCC_AHB1PeriphClockCmd), (24 bytes).
    Removing stm32f2xx_rcc.o(i.RCC_AHB1PeriphClockLPModeCmd), (24 bytes).
    Removing stm32f2xx_rcc.o(i.RCC_AHB1PeriphResetCmd), (24 bytes).
    Removing stm32f2xx_rcc.o(i.RCC_AHB2PeriphClockCmd), (24 bytes).
    Removing stm32f2xx_rcc.o(i.RCC_AHB2PeriphClockLPModeCmd), (24 bytes).
    Removing stm32f2xx_rcc.o(i.RCC_AHB2PeriphResetCmd), (24 bytes).
    Removing stm32f2xx_rcc.o(i.RCC_AHB3PeriphClockCmd), (24 bytes).
    Removing stm32f2xx_rcc.o(i.RCC_AHB3PeriphClockLPModeCmd), (24 bytes).
    Removing stm32f2xx_rcc.o(i.RCC_AHB3PeriphResetCmd), (24 bytes).
    Removing stm32f2xx_rcc.o(i.RCC_APB1PeriphClockCmd), (24 bytes).
    Removing stm32f2xx_rcc.o(i.RCC_APB1PeriphClockLPModeCmd), (24 bytes).
    Removing stm32f2xx_rcc.o(i.RCC_APB1PeriphResetCmd), (24 bytes).
    Removing stm32f2xx_rcc.o(i.RCC_APB2PeriphClockCmd), (24 bytes).
    Removing stm32f2xx_rcc.o(i.RCC_APB2PeriphClockLPModeCmd), (24 bytes).
    Removing stm32f2xx_rcc.o(i.RCC_APB2PeriphResetCmd), (24 bytes).
    Removing stm32f2xx_rcc.o(i.RCC_AdjustHSICalibrationValue), (20 bytes).
    Removing stm32f2xx_rcc.o(i.RCC_BackupResetCmd), (12 bytes).
    Removing stm32f2xx_rcc.o(i.RCC_ClearFlag), (16 bytes).
    Removing stm32f2xx_rcc.o(i.RCC_ClearITPendingBit), (12 bytes).
    Removing stm32f2xx_rcc.o(i.RCC_ClockSecuritySystemCmd), (12 bytes).
    Removing stm32f2xx_rcc.o(i.RCC_DeInit), (60 bytes).
    Removing stm32f2xx_rcc.o(i.RCC_GetFlagStatus), (52 bytes).
    Removing stm32f2xx_rcc.o(i.RCC_GetITStatus), (20 bytes).
    Removing stm32f2xx_rcc.o(i.RCC_GetSYSCLKSource), (16 bytes).
    Removing stm32f2xx_rcc.o(i.RCC_HCLKConfig), (20 bytes).
    Removing stm32f2xx_rcc.o(i.RCC_HSEConfig), (16 bytes).
    Removing stm32f2xx_rcc.o(i.RCC_HSICmd), (12 bytes).
    Removing stm32f2xx_rcc.o(i.RCC_I2SCLKConfig), (12 bytes).
    Removing stm32f2xx_rcc.o(i.RCC_ITConfig), (24 bytes).
    Removing stm32f2xx_rcc.o(i.RCC_LSEConfig), (28 bytes).
    Removing stm32f2xx_rcc.o(i.RCC_LSICmd), (12 bytes).
    Removing stm32f2xx_rcc.o(i.RCC_MCO1Config), (20 bytes).
    Removing stm32f2xx_rcc.o(i.RCC_MCO2Config), (20 bytes).
    Removing stm32f2xx_rcc.o(i.RCC_PCLK1Config), (20 bytes).
    Removing stm32f2xx_rcc.o(i.RCC_PCLK2Config), (20 bytes).
    Removing stm32f2xx_rcc.o(i.RCC_PLLCmd), (12 bytes).
    Removing stm32f2xx_rcc.o(i.RCC_PLLConfig), (40 bytes).
    Removing stm32f2xx_rcc.o(i.RCC_PLLI2SCmd), (12 bytes).
    Removing stm32f2xx_rcc.o(i.RCC_PLLI2SConfig), (16 bytes).
    Removing stm32f2xx_rcc.o(i.RCC_RTCCLKCmd), (12 bytes).
    Removing stm32f2xx_rcc.o(i.RCC_RTCCLKConfig), (48 bytes).
    Removing stm32f2xx_rcc.o(i.RCC_SYSCLKConfig), (20 bytes).
    Removing stm32f2xx_rcc.o(i.RCC_WaitForHSEStartUp), (44 bytes).
    Removing stm32f2xx_rng.o(.rev16_text), (4 bytes).
    Removing stm32f2xx_rng.o(.revsh_text), (4 bytes).
    Removing stm32f2xx_rng.o(.rrx_text), (6 bytes).
    Removing stm32f2xx_rng.o(i.RNG_ClearFlag), (16 bytes).
    Removing stm32f2xx_rng.o(i.RNG_ClearITPendingBit), (16 bytes).
    Removing stm32f2xx_rng.o(i.RNG_Cmd), (28 bytes).
    Removing stm32f2xx_rng.o(i.RNG_DeInit), (22 bytes).
    Removing stm32f2xx_rng.o(i.RNG_GetFlagStatus), (20 bytes).
    Removing stm32f2xx_rng.o(i.RNG_GetITStatus), (20 bytes).
    Removing stm32f2xx_rng.o(i.RNG_GetRandomNumber), (12 bytes).
    Removing stm32f2xx_rng.o(i.RNG_ITConfig), (28 bytes).
    Removing stm32f2xx_rtc.o(.rev16_text), (4 bytes).
    Removing stm32f2xx_rtc.o(.revsh_text), (4 bytes).
    Removing stm32f2xx_rtc.o(.rrx_text), (6 bytes).
    Removing stm32f2xx_rtc.o(i.RTC_AlarmCmd), (84 bytes).
    Removing stm32f2xx_rtc.o(i.RTC_AlarmStructInit), (20 bytes).
    Removing stm32f2xx_rtc.o(i.RTC_Bcd2ToByte), (18 bytes).
    Removing stm32f2xx_rtc.o(i.RTC_ByteToBcd2), (24 bytes).
    Removing stm32f2xx_rtc.o(i.RTC_CalibOutputCmd), (44 bytes).
    Removing stm32f2xx_rtc.o(i.RTC_ClearFlag), (28 bytes).
    Removing stm32f2xx_rtc.o(i.RTC_ClearITPendingBit), (28 bytes).
    Removing stm32f2xx_rtc.o(i.RTC_CoarseCalibCmd), (60 bytes).
    Removing stm32f2xx_rtc.o(i.RTC_CoarseCalibConfig), (52 bytes).
    Removing stm32f2xx_rtc.o(i.RTC_DateStructInit), (14 bytes).
    Removing stm32f2xx_rtc.o(i.RTC_DayLightSavingConfig), (44 bytes).
    Removing stm32f2xx_rtc.o(i.RTC_DeInit), (152 bytes).
    Removing stm32f2xx_rtc.o(i.RTC_EnterInitMode), (60 bytes).
    Removing stm32f2xx_rtc.o(i.RTC_ExitInitMode), (16 bytes).
    Removing stm32f2xx_rtc.o(i.RTC_GetAlarm), (108 bytes).
    Removing stm32f2xx_rtc.o(i.RTC_GetDate), (72 bytes).
    Removing stm32f2xx_rtc.o(i.RTC_GetFlagStatus), (28 bytes).
    Removing stm32f2xx_rtc.o(i.RTC_GetITStatus), (56 bytes).
    Removing stm32f2xx_rtc.o(i.RTC_GetStoreOperation), (16 bytes).
    Removing stm32f2xx_rtc.o(i.RTC_GetTime), (76 bytes).
    Removing stm32f2xx_rtc.o(i.RTC_GetTimeStamp), (136 bytes).
    Removing stm32f2xx_rtc.o(i.RTC_GetWakeUpCounter), (12 bytes).
    Removing stm32f2xx_rtc.o(i.RTC_ITConfig), (64 bytes).
    Removing stm32f2xx_rtc.o(i.RTC_Init), (80 bytes).
    Removing stm32f2xx_rtc.o(i.RTC_OutputConfig), (44 bytes).
    Removing stm32f2xx_rtc.o(i.RTC_OutputTypeConfig), (24 bytes).
    Removing stm32f2xx_rtc.o(i.RTC_ReadBackupRegister), (20 bytes).
    Removing stm32f2xx_rtc.o(i.RTC_RefClockCmd), (60 bytes).
    Removing stm32f2xx_rtc.o(i.RTC_SetAlarm), (164 bytes).
    Removing stm32f2xx_rtc.o(i.RTC_SetDate), (144 bytes).
    Removing stm32f2xx_rtc.o(i.RTC_SetTime), (152 bytes).
    Removing stm32f2xx_rtc.o(i.RTC_SetWakeUpCounter), (28 bytes).
    Removing stm32f2xx_rtc.o(i.RTC_StructInit), (14 bytes).
    Removing stm32f2xx_rtc.o(i.RTC_TamperCmd), (24 bytes).
    Removing stm32f2xx_rtc.o(i.RTC_TamperPinSelection), (24 bytes).
    Removing stm32f2xx_rtc.o(i.RTC_TamperTriggerConfig), (28 bytes).
    Removing stm32f2xx_rtc.o(i.RTC_TimeStampCmd), (48 bytes).
    Removing stm32f2xx_rtc.o(i.RTC_TimeStampPinSelection), (24 bytes).
    Removing stm32f2xx_rtc.o(i.RTC_TimeStructInit), (12 bytes).
    Removing stm32f2xx_rtc.o(i.RTC_WaitForSynchro), (72 bytes).
    Removing stm32f2xx_rtc.o(i.RTC_WakeUpClockConfig), (40 bytes).
    Removing stm32f2xx_rtc.o(i.RTC_WakeUpCmd), (88 bytes).
    Removing stm32f2xx_rtc.o(i.RTC_WriteBackupRegister), (20 bytes).
    Removing stm32f2xx_rtc.o(i.RTC_WriteProtectionCmd), (24 bytes).
    Removing stm32f2xx_sdio.o(.rev16_text), (4 bytes).
    Removing stm32f2xx_sdio.o(.revsh_text), (4 bytes).
    Removing stm32f2xx_sdio.o(.rrx_text), (6 bytes).
    Removing stm32f2xx_sdio.o(i.SDIO_CEATAITCmd), (16 bytes).
    Removing stm32f2xx_sdio.o(i.SDIO_ClearFlag), (12 bytes).
    Removing stm32f2xx_sdio.o(i.SDIO_ClearITPendingBit), (12 bytes).
    Removing stm32f2xx_sdio.o(i.SDIO_ClockCmd), (12 bytes).
    Removing stm32f2xx_sdio.o(i.SDIO_CmdStructInit), (14 bytes).
    Removing stm32f2xx_sdio.o(i.SDIO_CommandCompletionCmd), (12 bytes).
    Removing stm32f2xx_sdio.o(i.SDIO_DMACmd), (12 bytes).
    Removing stm32f2xx_sdio.o(i.SDIO_DataConfig), (48 bytes).
    Removing stm32f2xx_sdio.o(i.SDIO_DataStructInit), (20 bytes).
    Removing stm32f2xx_sdio.o(i.SDIO_DeInit), (24 bytes).
    Removing stm32f2xx_sdio.o(i.SDIO_GetCommandResponse), (12 bytes).
    Removing stm32f2xx_sdio.o(i.SDIO_GetDataCounter), (12 bytes).
    Removing stm32f2xx_sdio.o(i.SDIO_GetFIFOCount), (12 bytes).
    Removing stm32f2xx_sdio.o(i.SDIO_GetFlagStatus), (20 bytes).
    Removing stm32f2xx_sdio.o(i.SDIO_GetITStatus), (20 bytes).
    Removing stm32f2xx_sdio.o(i.SDIO_GetPowerState), (16 bytes).
    Removing stm32f2xx_sdio.o(i.SDIO_GetResponse), (16 bytes).
    Removing stm32f2xx_sdio.o(i.SDIO_ITConfig), (24 bytes).
    Removing stm32f2xx_sdio.o(i.SDIO_Init), (44 bytes).
    Removing stm32f2xx_sdio.o(i.SDIO_ReadData), (12 bytes).
    Removing stm32f2xx_sdio.o(i.SDIO_SendCEATACmd), (12 bytes).
    Removing stm32f2xx_sdio.o(i.SDIO_SendCommand), (40 bytes).
    Removing stm32f2xx_sdio.o(i.SDIO_SendSDIOSuspendCmd), (12 bytes).
    Removing stm32f2xx_sdio.o(i.SDIO_SetPowerState), (12 bytes).
    Removing stm32f2xx_sdio.o(i.SDIO_SetSDIOOperation), (12 bytes).
    Removing stm32f2xx_sdio.o(i.SDIO_SetSDIOReadWaitMode), (12 bytes).
    Removing stm32f2xx_sdio.o(i.SDIO_StartSDIOReadWait), (12 bytes).
    Removing stm32f2xx_sdio.o(i.SDIO_StopSDIOReadWait), (12 bytes).
    Removing stm32f2xx_sdio.o(i.SDIO_StructInit), (16 bytes).
    Removing stm32f2xx_sdio.o(i.SDIO_WriteData), (12 bytes).
    Removing stm32f2xx_spi.o(.rev16_text), (4 bytes).
    Removing stm32f2xx_spi.o(.revsh_text), (4 bytes).
    Removing stm32f2xx_spi.o(.rrx_text), (6 bytes).
    Removing stm32f2xx_spi.o(i.I2S_Cmd), (20 bytes).
    Removing stm32f2xx_spi.o(i.I2S_Init), (200 bytes).
    Removing stm32f2xx_spi.o(i.I2S_StructInit), (18 bytes).
    Removing stm32f2xx_spi.o(i.SPI_BiDirectionalLineConfig), (22 bytes).
    Removing stm32f2xx_spi.o(i.SPI_CalculateCRC), (20 bytes).
    Removing stm32f2xx_spi.o(i.SPI_Cmd), (20 bytes).
    Removing stm32f2xx_spi.o(i.SPI_DataSizeConfig), (16 bytes).
    Removing stm32f2xx_spi.o(i.SPI_GetCRC), (12 bytes).
    Removing stm32f2xx_spi.o(i.SPI_GetCRCPolynomial), (4 bytes).
    Removing stm32f2xx_spi.o(i.SPI_I2S_ClearFlag), (6 bytes).
    Removing stm32f2xx_spi.o(i.SPI_I2S_ClearITPendingBit), (14 bytes).
    Removing stm32f2xx_spi.o(i.SPI_I2S_DMACmd), (16 bytes).
    Removing stm32f2xx_spi.o(i.SPI_I2S_DeInit), (84 bytes).
    Removing stm32f2xx_spi.o(i.SPI_I2S_GetFlagStatus), (14 bytes).
    Removing stm32f2xx_spi.o(i.SPI_I2S_GetITStatus), (42 bytes).
    Removing stm32f2xx_spi.o(i.SPI_I2S_ITConfig), (24 bytes).
    Removing stm32f2xx_spi.o(i.SPI_I2S_ReceiveData), (4 bytes).
    Removing stm32f2xx_spi.o(i.SPI_I2S_SendData), (4 bytes).
    Removing stm32f2xx_spi.o(i.SPI_Init), (56 bytes).
    Removing stm32f2xx_spi.o(i.SPI_NSSInternalSoftwareConfig), (24 bytes).
    Removing stm32f2xx_spi.o(i.SPI_SSOutputCmd), (20 bytes).
    Removing stm32f2xx_spi.o(i.SPI_StructInit), (24 bytes).
    Removing stm32f2xx_spi.o(i.SPI_TIModeCmd), (20 bytes).
    Removing stm32f2xx_spi.o(i.SPI_TransmitCRC), (10 bytes).
    Removing stm32f2xx_syscfg.o(.rev16_text), (4 bytes).
    Removing stm32f2xx_syscfg.o(.revsh_text), (4 bytes).
    Removing stm32f2xx_syscfg.o(.rrx_text), (6 bytes).
    Removing stm32f2xx_syscfg.o(i.SYSCFG_CompensationCellCmd), (12 bytes).
    Removing stm32f2xx_syscfg.o(i.SYSCFG_DeInit), (24 bytes).
    Removing stm32f2xx_syscfg.o(i.SYSCFG_ETH_MediaInterfaceConfig), (12 bytes).
    Removing stm32f2xx_syscfg.o(i.SYSCFG_EXTILineConfig), (48 bytes).
    Removing stm32f2xx_syscfg.o(i.SYSCFG_GetCompensationCellStatus), (20 bytes).
    Removing stm32f2xx_syscfg.o(i.SYSCFG_MemoryRemapConfig), (12 bytes).
    Removing stm32f2xx_tim.o(.rev16_text), (4 bytes).
    Removing stm32f2xx_tim.o(.revsh_text), (4 bytes).
    Removing stm32f2xx_tim.o(.rrx_text), (6 bytes).
    Removing stm32f2xx_tim.o(i.TI1_Config), (46 bytes).
    Removing stm32f2xx_tim.o(i.TI2_Config), (54 bytes).
    Removing stm32f2xx_tim.o(i.TIM_ARRPreloadConfig), (20 bytes).
    Removing stm32f2xx_tim.o(i.TIM_BDTRConfig), (34 bytes).
    Removing stm32f2xx_tim.o(i.TIM_BDTRStructInit), (18 bytes).
    Removing stm32f2xx_tim.o(i.TIM_CCPreloadControl), (20 bytes).
    Removing stm32f2xx_tim.o(i.TIM_CCxCmd), (22 bytes).
    Removing stm32f2xx_tim.o(i.TIM_CCxNCmd), (22 bytes).
    Removing stm32f2xx_tim.o(i.TIM_ClearFlag), (6 bytes).
    Removing stm32f2xx_tim.o(i.TIM_ClearITPendingBit), (6 bytes).
    Removing stm32f2xx_tim.o(i.TIM_ClearOC1Ref), (12 bytes).
    Removing stm32f2xx_tim.o(i.TIM_ClearOC2Ref), (20 bytes).
    Removing stm32f2xx_tim.o(i.TIM_ClearOC3Ref), (12 bytes).
    Removing stm32f2xx_tim.o(i.TIM_ClearOC4Ref), (20 bytes).
    Removing stm32f2xx_tim.o(i.TIM_Cmd), (20 bytes).
    Removing stm32f2xx_tim.o(i.TIM_CounterModeConfig), (12 bytes).
    Removing stm32f2xx_tim.o(i.TIM_CtrlPWMOutputs), (22 bytes).
    Removing stm32f2xx_tim.o(i.TIM_DMACmd), (16 bytes).
    Removing stm32f2xx_tim.o(i.TIM_DMAConfig), (8 bytes).
    Removing stm32f2xx_tim.o(i.TIM_DeInit), (336 bytes).
    Removing stm32f2xx_tim.o(i.TIM_ETRClockMode1Config), (18 bytes).
    Removing stm32f2xx_tim.o(i.TIM_ETRClockMode2Config), (18 bytes).
    Removing stm32f2xx_tim.o(i.TIM_ETRConfig), (24 bytes).
    Removing stm32f2xx_tim.o(i.TIM_EncoderInterfaceConfig), (50 bytes).
    Removing stm32f2xx_tim.o(i.TIM_ForcedOC1Config), (12 bytes).
    Removing stm32f2xx_tim.o(i.TIM_ForcedOC2Config), (20 bytes).
    Removing stm32f2xx_tim.o(i.TIM_ForcedOC3Config), (12 bytes).
    Removing stm32f2xx_tim.o(i.TIM_ForcedOC4Config), (20 bytes).
    Removing stm32f2xx_tim.o(i.TIM_GenerateEvent), (4 bytes).
    Removing stm32f2xx_tim.o(i.TIM_GetCapture1), (4 bytes).
    Removing stm32f2xx_tim.o(i.TIM_GetCapture2), (4 bytes).
    Removing stm32f2xx_tim.o(i.TIM_GetCapture3), (4 bytes).
    Removing stm32f2xx_tim.o(i.TIM_GetCapture4), (4 bytes).
    Removing stm32f2xx_tim.o(i.TIM_GetCounter), (4 bytes).
    Removing stm32f2xx_tim.o(i.TIM_GetFlagStatus), (14 bytes).
    Removing stm32f2xx_tim.o(i.TIM_GetITStatus), (24 bytes).
    Removing stm32f2xx_tim.o(i.TIM_GetPrescaler), (4 bytes).
    Removing stm32f2xx_tim.o(i.TIM_ICInit), (172 bytes).
    Removing stm32f2xx_tim.o(i.TIM_ICStructInit), (16 bytes).
    Removing stm32f2xx_tim.o(i.TIM_ITConfig), (16 bytes).
    Removing stm32f2xx_tim.o(i.TIM_ITRxExternalClockConfig), (18 bytes).
    Removing stm32f2xx_tim.o(i.TIM_InternalClockConfig), (10 bytes).
    Removing stm32f2xx_tim.o(i.TIM_OC1FastConfig), (12 bytes).
    Removing stm32f2xx_tim.o(i.TIM_OC1Init), (96 bytes).
    Removing stm32f2xx_tim.o(i.TIM_OC1NPolarityConfig), (12 bytes).
    Removing stm32f2xx_tim.o(i.TIM_OC1PolarityConfig), (12 bytes).
    Removing stm32f2xx_tim.o(i.TIM_OC1PreloadConfig), (12 bytes).
    Removing stm32f2xx_tim.o(i.TIM_OC2FastConfig), (20 bytes).
    Removing stm32f2xx_tim.o(i.TIM_OC2Init), (128 bytes).
    Removing stm32f2xx_tim.o(i.TIM_OC2NPolarityConfig), (20 bytes).
    Removing stm32f2xx_tim.o(i.TIM_OC2PolarityConfig), (20 bytes).
    Removing stm32f2xx_tim.o(i.TIM_OC2PreloadConfig), (20 bytes).
    Removing stm32f2xx_tim.o(i.TIM_OC3FastConfig), (12 bytes).
    Removing stm32f2xx_tim.o(i.TIM_OC3Init), (124 bytes).
    Removing stm32f2xx_tim.o(i.TIM_OC3NPolarityConfig), (20 bytes).
    Removing stm32f2xx_tim.o(i.TIM_OC3PolarityConfig), (20 bytes).
    Removing stm32f2xx_tim.o(i.TIM_OC3PreloadConfig), (12 bytes).
    Removing stm32f2xx_tim.o(i.TIM_OC4FastConfig), (20 bytes).
    Removing stm32f2xx_tim.o(i.TIM_OC4Init), (96 bytes).
    Removing stm32f2xx_tim.o(i.TIM_OC4PolarityConfig), (20 bytes).
    Removing stm32f2xx_tim.o(i.TIM_OC4PreloadConfig), (20 bytes).
    Removing stm32f2xx_tim.o(i.TIM_OCStructInit), (20 bytes).
    Removing stm32f2xx_tim.o(i.TIM_PWMIConfig), (108 bytes).
    Removing stm32f2xx_tim.o(i.TIM_PrescalerConfig), (6 bytes).
    Removing stm32f2xx_tim.o(i.TIM_RemapConfig), (6 bytes).
    Removing stm32f2xx_tim.o(i.TIM_SelectCCDMA), (20 bytes).
    Removing stm32f2xx_tim.o(i.TIM_SelectCOM), (20 bytes).
    Removing stm32f2xx_tim.o(i.TIM_SelectHallSensor), (20 bytes).
    Removing stm32f2xx_tim.o(i.TIM_SelectInputTrigger), (12 bytes).
    Removing stm32f2xx_tim.o(i.TIM_SelectMasterSlaveMode), (16 bytes).
    Removing stm32f2xx_tim.o(i.TIM_SelectOCxM), (74 bytes).
    Removing stm32f2xx_tim.o(i.TIM_SelectOnePulseMode), (16 bytes).
    Removing stm32f2xx_tim.o(i.TIM_SelectOutputTrigger), (16 bytes).
    Removing stm32f2xx_tim.o(i.TIM_SelectSlaveMode), (16 bytes).
    Removing stm32f2xx_tim.o(i.TIM_SetAutoreload), (4 bytes).
    Removing stm32f2xx_tim.o(i.TIM_SetClockDivision), (16 bytes).
    Removing stm32f2xx_tim.o(i.TIM_SetCompare1), (4 bytes).
    Removing stm32f2xx_tim.o(i.TIM_SetCompare2), (4 bytes).
    Removing stm32f2xx_tim.o(i.TIM_SetCompare3), (4 bytes).
    Removing stm32f2xx_tim.o(i.TIM_SetCompare4), (4 bytes).
    Removing stm32f2xx_tim.o(i.TIM_SetCounter), (4 bytes).
    Removing stm32f2xx_tim.o(i.TIM_SetIC1Prescaler), (16 bytes).
    Removing stm32f2xx_tim.o(i.TIM_SetIC2Prescaler), (24 bytes).
    Removing stm32f2xx_tim.o(i.TIM_SetIC3Prescaler), (16 bytes).
    Removing stm32f2xx_tim.o(i.TIM_SetIC4Prescaler), (24 bytes).
    Removing stm32f2xx_tim.o(i.TIM_TIxExternalClockConfig), (46 bytes).
    Removing stm32f2xx_tim.o(i.TIM_TimeBaseInit), (124 bytes).
    Removing stm32f2xx_tim.o(i.TIM_TimeBaseStructInit), (18 bytes).
    Removing stm32f2xx_tim.o(i.TIM_UpdateDisableConfig), (20 bytes).
    Removing stm32f2xx_tim.o(i.TIM_UpdateRequestConfig), (20 bytes).
    Removing stm32f2xx_usart.o(.rev16_text), (4 bytes).
    Removing stm32f2xx_usart.o(.revsh_text), (4 bytes).
    Removing stm32f2xx_usart.o(.rrx_text), (6 bytes).
    Removing stm32f2xx_usart.o(i.USART_ClearFlag), (6 bytes).
    Removing stm32f2xx_usart.o(i.USART_ClearITPendingBit), (12 bytes).
    Removing stm32f2xx_usart.o(i.USART_ClockInit), (28 bytes).
    Removing stm32f2xx_usart.o(i.USART_ClockStructInit), (12 bytes).
    Removing stm32f2xx_usart.o(i.USART_Cmd), (20 bytes).
    Removing stm32f2xx_usart.o(i.USART_DMACmd), (16 bytes).
    Removing stm32f2xx_usart.o(i.USART_DeInit), (140 bytes).
    Removing stm32f2xx_usart.o(i.USART_GetFlagStatus), (14 bytes).
    Removing stm32f2xx_usart.o(i.USART_GetITStatus), (62 bytes).
    Removing stm32f2xx_usart.o(i.USART_HalfDuplexCmd), (20 bytes).
    Removing stm32f2xx_usart.o(i.USART_ITConfig), (48 bytes).
    Removing stm32f2xx_usart.o(i.USART_Init), (172 bytes).
    Removing stm32f2xx_usart.o(i.USART_IrDACmd), (20 bytes).
    Removing stm32f2xx_usart.o(i.USART_IrDAConfig), (16 bytes).
    Removing stm32f2xx_usart.o(i.USART_LINBreakDetectLengthConfig), (16 bytes).
    Removing stm32f2xx_usart.o(i.USART_LINCmd), (20 bytes).
    Removing stm32f2xx_usart.o(i.USART_OneBitMethodCmd), (20 bytes).
    Removing stm32f2xx_usart.o(i.USART_OverSampling8Cmd), (20 bytes).
    Removing stm32f2xx_usart.o(i.USART_ReceiveData), (8 bytes).
    Removing stm32f2xx_usart.o(i.USART_ReceiverWakeUpCmd), (20 bytes).
    Removing stm32f2xx_usart.o(i.USART_SendBreak), (10 bytes).
    Removing stm32f2xx_usart.o(i.USART_SendData), (8 bytes).
    Removing stm32f2xx_usart.o(i.USART_SetAddress), (16 bytes).
    Removing stm32f2xx_usart.o(i.USART_SetGuardTime), (16 bytes).
    Removing stm32f2xx_usart.o(i.USART_SetPrescaler), (16 bytes).
    Removing stm32f2xx_usart.o(i.USART_SmartCardCmd), (20 bytes).
    Removing stm32f2xx_usart.o(i.USART_SmartCardNACKCmd), (20 bytes).
    Removing stm32f2xx_usart.o(i.USART_StructInit), (22 bytes).
    Removing stm32f2xx_usart.o(i.USART_WakeUpConfig), (16 bytes).
    Removing stm32f2xx_wwdg.o(.rev16_text), (4 bytes).
    Removing stm32f2xx_wwdg.o(.revsh_text), (4 bytes).
    Removing stm32f2xx_wwdg.o(.rrx_text), (6 bytes).
    Removing stm32f2xx_wwdg.o(i.WWDG_ClearFlag), (12 bytes).
    Removing stm32f2xx_wwdg.o(i.WWDG_DeInit), (24 bytes).
    Removing stm32f2xx_wwdg.o(i.WWDG_Enable), (16 bytes).
    Removing stm32f2xx_wwdg.o(i.WWDG_EnableIT), (16 bytes).
    Removing stm32f2xx_wwdg.o(i.WWDG_GetFlagStatus), (20 bytes).
    Removing stm32f2xx_wwdg.o(i.WWDG_SetCounter), (16 bytes).
    Removing stm32f2xx_wwdg.o(i.WWDG_SetPrescaler), (20 bytes).
    Removing stm32f2xx_wwdg.o(i.WWDG_SetWindowValue), (28 bytes).
    Removing system_stm32f2xx.o(.rev16_text), (4 bytes).
    Removing system_stm32f2xx.o(.revsh_text), (4 bytes).
    Removing system_stm32f2xx.o(.rrx_text), (6 bytes).
    Removing system_stm32f2xx.o(i.SystemCoreClockUpdate), (124 bytes).
    Removing system_stm32f2xx.o(.data), (20 bytes).
    Removing startup_stm32f2xx.o(HEAP), (512 bytes).

703 unused section(s) (total 23192 bytes) removed from the image.

==============================================================================

Image Symbol Table

    Local Symbols

    Symbol Name                              Value     Ov Type        Size  Object(Section)

    ../clib/microlib/init/entry.s            0x00000000   Number         0  entry10a.o ABSOLUTE
    ../clib/microlib/init/entry.s            0x00000000   Number         0  entry9b.o ABSOLUTE
    ../clib/microlib/init/entry.s            0x00000000   Number         0  entry9a.o ABSOLUTE
    ../clib/microlib/init/entry.s            0x00000000   Number         0  entry8b.o ABSOLUTE
    ../clib/microlib/init/entry.s            0x00000000   Number         0  entry8a.o ABSOLUTE
    ../clib/microlib/init/entry.s            0x00000000   Number         0  entry7a.o ABSOLUTE
    ../clib/microlib/init/entry.s            0x00000000   Number         0  entry5.o ABSOLUTE
    ../clib/microlib/init/entry.s            0x00000000   Number         0  entry2.o ABSOLUTE
    ../clib/microlib/init/entry.s            0x00000000   Number         0  entry7b.o ABSOLUTE
    ../clib/microlib/init/entry.s            0x00000000   Number         0  entry11b.o ABSOLUTE
    ../clib/microlib/init/entry.s            0x00000000   Number         0  entry.o ABSOLUTE
    ../clib/microlib/init/entry.s            0x00000000   Number         0  entry11a.o ABSOLUTE
    ../clib/microlib/init/entry.s            0x00000000   Number         0  entry10b.o ABSOLUTE
    ..\..\..\Libraries\CMSIS\Device\ST\STM32F2xx\Source\Templates\arm\startup_stm32f2xx.s 0x00000000   Number         0  startup_stm32f2xx.o ABSOLUTE
    ..\..\..\Libraries\STM32F2xx_StdPeriph_Driver\src\misc.c 0x00000000   Number         0  misc.o ABSOLUTE
    ..\..\..\Libraries\STM32F2xx_StdPeriph_Driver\src\stm32f2xx_adc.c 0x00000000   Number         0  stm32f2xx_adc.o ABSOLUTE
    ..\..\..\Libraries\STM32F2xx_StdPeriph_Driver\src\stm32f2xx_can.c 0x00000000   Number         0  stm32f2xx_can.o ABSOLUTE
    ..\..\..\Libraries\STM32F2xx_StdPeriph_Driver\src\stm32f2xx_crc.c 0x00000000   Number         0  stm32f2xx_crc.o ABSOLUTE
    ..\..\..\Libraries\STM32F2xx_StdPeriph_Driver\src\stm32f2xx_cryp.c 0x00000000   Number         0  stm32f2xx_cryp.o ABSOLUTE
    ..\..\..\Libraries\STM32F2xx_StdPeriph_Driver\src\stm32f2xx_cryp_aes.c 0x00000000   Number         0  stm32f2xx_cryp_aes.o ABSOLUTE
    ..\..\..\Libraries\STM32F2xx_StdPeriph_Driver\src\stm32f2xx_cryp_des.c 0x00000000   Number         0  stm32f2xx_cryp_des.o ABSOLUTE
    ..\..\..\Libraries\STM32F2xx_StdPeriph_Driver\src\stm32f2xx_cryp_tdes.c 0x00000000   Number         0  stm32f2xx_cryp_tdes.o ABSOLUTE
    ..\..\..\Libraries\STM32F2xx_StdPeriph_Driver\src\stm32f2xx_dac.c 0x00000000   Number         0  stm32f2xx_dac.o ABSOLUTE
    ..\..\..\Libraries\STM32F2xx_StdPeriph_Driver\src\stm32f2xx_dbgmcu.c 0x00000000   Number         0  stm32f2xx_dbgmcu.o ABSOLUTE
    ..\..\..\Libraries\STM32F2xx_StdPeriph_Driver\src\stm32f2xx_dcmi.c 0x00000000   Number         0  stm32f2xx_dcmi.o ABSOLUTE
    ..\..\..\Libraries\STM32F2xx_StdPeriph_Driver\src\stm32f2xx_dma.c 0x00000000   Number         0  stm32f2xx_dma.o ABSOLUTE
    ..\..\..\Libraries\STM32F2xx_StdPeriph_Driver\src\stm32f2xx_exti.c 0x00000000   Number         0  stm32f2xx_exti.o ABSOLUTE
    ..\..\..\Libraries\STM32F2xx_StdPeriph_Driver\src\stm32f2xx_flash.c 0x00000000   Number         0  stm32f2xx_flash.o ABSOLUTE
    ..\..\..\Libraries\STM32F2xx_StdPeriph_Driver\src\stm32f2xx_fsmc.c 0x00000000   Number         0  stm32f2xx_fsmc.o ABSOLUTE
    ..\..\..\Libraries\STM32F2xx_StdPeriph_Driver\src\stm32f2xx_gpio.c 0x00000000   Number         0  stm32f2xx_gpio.o ABSOLUTE
    ..\..\..\Libraries\STM32F2xx_StdPeriph_Driver\src\stm32f2xx_hash.c 0x00000000   Number         0  stm32f2xx_hash.o ABSOLUTE
    ..\..\..\Libraries\STM32F2xx_StdPeriph_Driver\src\stm32f2xx_hash_md5.c 0x00000000   Number         0  stm32f2xx_hash_md5.o ABSOLUTE
    ..\..\..\Libraries\STM32F2xx_StdPeriph_Driver\src\stm32f2xx_hash_sha1.c 0x00000000   Number         0  stm32f2xx_hash_sha1.o ABSOLUTE
    ..\..\..\Libraries\STM32F2xx_StdPeriph_Driver\src\stm32f2xx_i2c.c 0x00000000   Number         0  stm32f2xx_i2c.o ABSOLUTE
    ..\..\..\Libraries\STM32F2xx_StdPeriph_Driver\src\stm32f2xx_iwdg.c 0x00000000   Number         0  stm32f2xx_iwdg.o ABSOLUTE
    ..\..\..\Libraries\STM32F2xx_StdPeriph_Driver\src\stm32f2xx_pwr.c 0x00000000   Number         0  stm32f2xx_pwr.o ABSOLUTE
    ..\..\..\Libraries\STM32F2xx_StdPeriph_Driver\src\stm32f2xx_rcc.c 0x00000000   Number         0  stm32f2xx_rcc.o ABSOLUTE
    ..\..\..\Libraries\STM32F2xx_StdPeriph_Driver\src\stm32f2xx_rng.c 0x00000000   Number         0  stm32f2xx_rng.o ABSOLUTE
    ..\..\..\Libraries\STM32F2xx_StdPeriph_Driver\src\stm32f2xx_rtc.c 0x00000000   Number         0  stm32f2xx_rtc.o ABSOLUTE
    ..\..\..\Libraries\STM32F2xx_StdPeriph_Driver\src\stm32f2xx_sdio.c 0x00000000   Number         0  stm32f2xx_sdio.o ABSOLUTE
    ..\..\..\Libraries\STM32F2xx_StdPeriph_Driver\src\stm32f2xx_spi.c 0x00000000   Number         0  stm32f2xx_spi.o ABSOLUTE
    ..\..\..\Libraries\STM32F2xx_StdPeriph_Driver\src\stm32f2xx_syscfg.c 0x00000000   Number         0  stm32f2xx_syscfg.o ABSOLUTE
    ..\..\..\Libraries\STM32F2xx_StdPeriph_Driver\src\stm32f2xx_tim.c 0x00000000   Number         0  stm32f2xx_tim.o ABSOLUTE
    ..\..\..\Libraries\STM32F2xx_StdPeriph_Driver\src\stm32f2xx_usart.c 0x00000000   Number         0  stm32f2xx_usart.o ABSOLUTE
    ..\..\..\Libraries\STM32F2xx_StdPeriph_Driver\src\stm32f2xx_wwdg.c 0x00000000   Number         0  stm32f2xx_wwdg.o ABSOLUTE
    ..\..\..\MinOS\Source\minos_core.c       0x00000000   Number         0  minos_core.o ABSOLUTE
    ..\..\..\MinOS\Source\minos_cpu.asm      0x00000000   Number         0  minos_cpu.o ABSOLUTE
    ..\..\..\MinOS\Source\minos_q.c          0x00000000   Number         0  minos_q.o ABSOLUTE
    ..\APP\Task00_Alpha.c                    0x00000000   Number         0  task00_alpha.o ABSOLUTE
    ..\APP\Task01_GetVoltage.c               0x00000000   Number         0  task01_getvoltage.o ABSOLUTE
    ..\APP\Task02_GetTemper.c                0x00000000   Number         0  task02_gettemper.o ABSOLUTE
    ..\\..\\..\\Libraries\\STM32F2xx_StdPeriph_Driver\\src\\misc.c 0x00000000   Number         0  misc.o ABSOLUTE
    ..\\..\\..\\Libraries\\STM32F2xx_StdPeriph_Driver\\src\\stm32f2xx_adc.c 0x00000000   Number         0  stm32f2xx_adc.o ABSOLUTE
    ..\\..\\..\\Libraries\\STM32F2xx_StdPeriph_Driver\\src\\stm32f2xx_can.c 0x00000000   Number         0  stm32f2xx_can.o ABSOLUTE
    ..\\..\\..\\Libraries\\STM32F2xx_StdPeriph_Driver\\src\\stm32f2xx_crc.c 0x00000000   Number         0  stm32f2xx_crc.o ABSOLUTE
    ..\\..\\..\\Libraries\\STM32F2xx_StdPeriph_Driver\\src\\stm32f2xx_cryp.c 0x00000000   Number         0  stm32f2xx_cryp.o ABSOLUTE
    ..\\..\\..\\Libraries\\STM32F2xx_StdPeriph_Driver\\src\\stm32f2xx_cryp_aes.c 0x00000000   Number         0  stm32f2xx_cryp_aes.o ABSOLUTE
    ..\\..\\..\\Libraries\\STM32F2xx_StdPeriph_Driver\\src\\stm32f2xx_cryp_des.c 0x00000000   Number         0  stm32f2xx_cryp_des.o ABSOLUTE
    ..\\..\\..\\Libraries\\STM32F2xx_StdPeriph_Driver\\src\\stm32f2xx_cryp_tdes.c 0x00000000   Number         0  stm32f2xx_cryp_tdes.o ABSOLUTE
    ..\\..\\..\\Libraries\\STM32F2xx_StdPeriph_Driver\\src\\stm32f2xx_dac.c 0x00000000   Number         0  stm32f2xx_dac.o ABSOLUTE
    ..\\..\\..\\Libraries\\STM32F2xx_StdPeriph_Driver\\src\\stm32f2xx_dbgmcu.c 0x00000000   Number         0  stm32f2xx_dbgmcu.o ABSOLUTE
    ..\\..\\..\\Libraries\\STM32F2xx_StdPeriph_Driver\\src\\stm32f2xx_dcmi.c 0x00000000   Number         0  stm32f2xx_dcmi.o ABSOLUTE
    ..\\..\\..\\Libraries\\STM32F2xx_StdPeriph_Driver\\src\\stm32f2xx_dma.c 0x00000000   Number         0  stm32f2xx_dma.o ABSOLUTE
    ..\\..\\..\\Libraries\\STM32F2xx_StdPeriph_Driver\\src\\stm32f2xx_exti.c 0x00000000   Number         0  stm32f2xx_exti.o ABSOLUTE
    ..\\..\\..\\Libraries\\STM32F2xx_StdPeriph_Driver\\src\\stm32f2xx_flash.c 0x00000000   Number         0  stm32f2xx_flash.o ABSOLUTE
    ..\\..\\..\\Libraries\\STM32F2xx_StdPeriph_Driver\\src\\stm32f2xx_fsmc.c 0x00000000   Number         0  stm32f2xx_fsmc.o ABSOLUTE
    ..\\..\\..\\Libraries\\STM32F2xx_StdPeriph_Driver\\src\\stm32f2xx_gpio.c 0x00000000   Number         0  stm32f2xx_gpio.o ABSOLUTE
    ..\\..\\..\\Libraries\\STM32F2xx_StdPeriph_Driver\\src\\stm32f2xx_hash.c 0x00000000   Number         0  stm32f2xx_hash.o ABSOLUTE
    ..\\..\\..\\Libraries\\STM32F2xx_StdPeriph_Driver\\src\\stm32f2xx_hash_md5.c 0x00000000   Number         0  stm32f2xx_hash_md5.o ABSOLUTE
    ..\\..\\..\\Libraries\\STM32F2xx_StdPeriph_Driver\\src\\stm32f2xx_hash_sha1.c 0x00000000   Number         0  stm32f2xx_hash_sha1.o ABSOLUTE
    ..\\..\\..\\Libraries\\STM32F2xx_StdPeriph_Driver\\src\\stm32f2xx_i2c.c 0x00000000   Number         0  stm32f2xx_i2c.o ABSOLUTE
    ..\\..\\..\\Libraries\\STM32F2xx_StdPeriph_Driver\\src\\stm32f2xx_iwdg.c 0x00000000   Number         0  stm32f2xx_iwdg.o ABSOLUTE
    ..\\..\\..\\Libraries\\STM32F2xx_StdPeriph_Driver\\src\\stm32f2xx_pwr.c 0x00000000   Number         0  stm32f2xx_pwr.o ABSOLUTE
    ..\\..\\..\\Libraries\\STM32F2xx_StdPeriph_Driver\\src\\stm32f2xx_rcc.c 0x00000000   Number         0  stm32f2xx_rcc.o ABSOLUTE
    ..\\..\\..\\Libraries\\STM32F2xx_StdPeriph_Driver\\src\\stm32f2xx_rng.c 0x00000000   Number         0  stm32f2xx_rng.o ABSOLUTE
    ..\\..\\..\\Libraries\\STM32F2xx_StdPeriph_Driver\\src\\stm32f2xx_rtc.c 0x00000000   Number         0  stm32f2xx_rtc.o ABSOLUTE
    ..\\..\\..\\Libraries\\STM32F2xx_StdPeriph_Driver\\src\\stm32f2xx_sdio.c 0x00000000   Number         0  stm32f2xx_sdio.o ABSOLUTE
    ..\\..\\..\\Libraries\\STM32F2xx_StdPeriph_Driver\\src\\stm32f2xx_spi.c 0x00000000   Number         0  stm32f2xx_spi.o ABSOLUTE
    ..\\..\\..\\Libraries\\STM32F2xx_StdPeriph_Driver\\src\\stm32f2xx_syscfg.c 0x00000000   Number         0  stm32f2xx_syscfg.o ABSOLUTE
    ..\\..\\..\\Libraries\\STM32F2xx_StdPeriph_Driver\\src\\stm32f2xx_tim.c 0x00000000   Number         0  stm32f2xx_tim.o ABSOLUTE
    ..\\..\\..\\Libraries\\STM32F2xx_StdPeriph_Driver\\src\\stm32f2xx_usart.c 0x00000000   Number         0  stm32f2xx_usart.o ABSOLUTE
    ..\\..\\..\\Libraries\\STM32F2xx_StdPeriph_Driver\\src\\stm32f2xx_wwdg.c 0x00000000   Number         0  stm32f2xx_wwdg.o ABSOLUTE
    ..\\APP\\Task00_Alpha.c                  0x00000000   Number         0  task00_alpha.o ABSOLUTE
    ..\\APP\\Task01_GetVoltage.c             0x00000000   Number         0  task01_getvoltage.o ABSOLUTE
    ..\\APP\\Task02_GetTemper.c              0x00000000   Number         0  task02_gettemper.o ABSOLUTE
    ..\\main.c                               0x00000000   Number         0  main.o ABSOLUTE
    ..\\stm32f2xx_Init.c                     0x00000000   Number         0  stm32f2xx_init.o ABSOLUTE
    ..\\stm32f2xx_it.c                       0x00000000   Number         0  stm32f2xx_it.o ABSOLUTE
    ..\\system_stm32f2xx.c                   0x00000000   Number         0  system_stm32f2xx.o ABSOLUTE
    ..\main.c                                0x00000000   Number         0  main.o ABSOLUTE
    ..\readme.c                              0x00000000   Number         0  readme.o ABSOLUTE
    ..\stm32f2xx_Init.c                      0x00000000   Number         0  stm32f2xx_init.o ABSOLUTE
    ..\stm32f2xx_it.c                        0x00000000   Number         0  stm32f2xx_it.o ABSOLUTE
    ..\system_stm32f2xx.c                    0x00000000   Number         0  system_stm32f2xx.o ABSOLUTE
    dc.s                                     0x00000000   Number         0  dc.o ABSOLUTE
    handlers.s                               0x00000000   Number         0  handlers.o ABSOLUTE
    init.s                                   0x00000000   Number         0  init.o ABSOLUTE
    RESET                                    0x08000000   Section      388  startup_stm32f2xx.o(RESET)
    .ARM.Collect$$$$00000000                 0x08000184   Section        0  entry.o(.ARM.Collect$$$$00000000)
    .ARM.Collect$$$$00000001                 0x08000184   Section        4  entry2.o(.ARM.Collect$$$$00000001)
    .ARM.Collect$$$$00000004                 0x08000188   Section        4  entry5.o(.ARM.Collect$$$$00000004)
    .ARM.Collect$$$$00000008                 0x0800018c   Section        0  entry7b.o(.ARM.Collect$$$$00000008)
    .ARM.Collect$$$$0000000A                 0x0800018c   Section        0  entry8b.o(.ARM.Collect$$$$0000000A)
    .ARM.Collect$$$$0000000B                 0x0800018c   Section        8  entry9a.o(.ARM.Collect$$$$0000000B)
    .ARM.Collect$$$$0000000D                 0x08000194   Section        0  entry10a.o(.ARM.Collect$$$$0000000D)
    .ARM.Collect$$$$0000000F                 0x08000194   Section        0  entry11a.o(.ARM.Collect$$$$0000000F)
    .ARM.Collect$$$$00002712                 0x08000194   Section        4  entry2.o(.ARM.Collect$$$$00002712)
    __lit__00000000                          0x08000194   Data           4  entry2.o(.ARM.Collect$$$$00002712)
    .text                                    0x08000198   Section      128  minos_cpu.o(.text)
    .text                                    0x08000218   Section       36  startup_stm32f2xx.o(.text)
    .text                                    0x0800023c   Section       36  init.o(.text)
    i.BusFault_Handler                       0x08000260   Section        0  stm32f2xx_it.o(i.BusFault_Handler)
    i.DebugMon_Handler                       0x08000262   Section        0  stm32f2xx_it.o(i.DebugMon_Handler)
    i.HardFault_Handler                      0x08000264   Section        0  stm32f2xx_it.o(i.HardFault_Handler)
    i.MemManage_Handler                      0x08000266   Section        0  stm32f2xx_it.o(i.MemManage_Handler)
    i.NMI_Handler                            0x08000268   Section        0  stm32f2xx_it.o(i.NMI_Handler)
    i.OSInit                                 0x0800026c   Section        0  minos_core.o(i.OSInit)
    i.OSIntEnter                             0x08000308   Section        0  minos_core.o(i.OSIntEnter)
    i.OSIntExit                              0x0800031c   Section        0  minos_core.o(i.OSIntExit)
    i.OSStart                                0x08000360   Section        0  minos_core.o(i.OSStart)
    i.OSTaskCreate                           0x08000388   Section        0  minos_core.o(i.OSTaskCreate)
    i.OSTaskStkInit                          0x080003d0   Section        0  minos_core.o(i.OSTaskStkInit)
    i.OSTimeDly                              0x08000444   Section        0  minos_core.o(i.OSTimeDly)
    i.OSTimeTick                             0x0800048c   Section        0  minos_core.o(i.OSTimeTick)
    i.OS_Sched                               0x080004e8   Section        0  minos_core.o(i.OS_Sched)
    i.OS_SchedNew                            0x08000520   Section        0  minos_core.o(i.OS_SchedNew)
    OS_SchedNew                              0x08000521   Thumb Code    22  minos_core.o(i.OS_SchedNew)
    i.OS_TCBInit                             0x08000540   Section        0  minos_core.o(i.OS_TCBInit)
    i.OS_TaskIdle                            0x080005cc   Section        0  minos_core.o(i.OS_TaskIdle)
    i.RCC_GetClocksFreq                      0x080005d0   Section        0  stm32f2xx_rcc.o(i.RCC_GetClocksFreq)
    i.SVC_Handler                            0x08000664   Section        0  stm32f2xx_it.o(i.SVC_Handler)
    i.SetSysClock                            0x08000668   Section        0  system_stm32f2xx.o(i.SetSysClock)
    SetSysClock                              0x08000669   Thumb Code   140  system_stm32f2xx.o(i.SetSysClock)
    i.SysTick_Handler                        0x08000700   Section        0  stm32f2xx_it.o(i.SysTick_Handler)
    i.SystemInit                             0x08000714   Section        0  system_stm32f2xx.o(i.SystemInit)
    i.Task00                                 0x08000764   Section        0  task00_alpha.o(i.Task00)
    i.Task01                                 0x0800076c   Section        0  task01_getvoltage.o(i.Task01)
    i.Task02                                 0x08000774   Section        0  task02_gettemper.o(i.Task02)
    i.UsageFault_Handler                     0x0800077c   Section        0  stm32f2xx_it.o(i.UsageFault_Handler)
    i.__scatterload_copy                     0x0800077e   Section       14  handlers.o(i.__scatterload_copy)
    i.__scatterload_null                     0x0800078c   Section        2  handlers.o(i.__scatterload_null)
    i.__scatterload_zeroinit                 0x0800078e   Section       14  handlers.o(i.__scatterload_zeroinit)
    i.main                                   0x0800079c   Section        0  main.o(i.main)
    .constdata                               0x0800081c   Section      256  minos_core.o(.constdata)
    .data                                    0x20000000   Section       32  minos_core.o(.data)
    .data                                    0x20000020   Section       16  stm32f2xx_rcc.o(.data)
    APBAHBPrescTable                         0x20000020   Data          16  stm32f2xx_rcc.o(.data)
    .bss                                     0x20000030   Section      960  main.o(.bss)
    .bss                                     0x200003f0   Section     1024  minos_core.o(.bss)
    STACK                                    0x200007f0   Section     1024  startup_stm32f2xx.o(STACK)

    Global Symbols

    Symbol Name                              Value     Ov Type        Size  Object(Section)

    BuildAttributes$$THM_ISAv4$P$D$K$B$S$PE$A:L22UL41UL21$X:L11$S22US41US21$IEEE1$IW$USESV6$~STKCKD$USESV7$~SHL$OSPACE$EBA8$MICROLIB$REQ8$PRES8$EABIv2 0x00000000   Number         0  anon$$obj.o ABSOLUTE
    __ARM_use_no_argv                        0x00000000   Number         0  main.o ABSOLUTE
    __cpp_initialize__aeabi_                  - Undefined Weak Reference
    __cxa_finalize                            - Undefined Weak Reference
    __decompress                              - Undefined Weak Reference
    _clock_init                               - Undefined Weak Reference
    _microlib_exit                            - Undefined Weak Reference
    __Vectors_Size                           0x00000184   Number         0  startup_stm32f2xx.o ABSOLUTE
    __Vectors                                0x08000000   Data           4  startup_stm32f2xx.o(RESET)
    __Vectors_End                            0x08000184   Data           0  startup_stm32f2xx.o(RESET)
    __main                                   0x08000185   Thumb Code     0  entry.o(.ARM.Collect$$$$00000000)
    _main_stk                                0x08000185   Thumb Code     0  entry2.o(.ARM.Collect$$$$00000001)
    _main_scatterload                        0x08000189   Thumb Code     0  entry5.o(.ARM.Collect$$$$00000004)
    __main_after_scatterload                 0x0800018d   Thumb Code     0  entry5.o(.ARM.Collect$$$$00000004)
    _main_clock                              0x0800018d   Thumb Code     0  entry7b.o(.ARM.Collect$$$$00000008)
    _main_cpp_init                           0x0800018d   Thumb Code     0  entry8b.o(.ARM.Collect$$$$0000000A)
    _main_init                               0x0800018d   Thumb Code     0  entry9a.o(.ARM.Collect$$$$0000000B)
    __rt_final_cpp                           0x08000195   Thumb Code     0  entry10a.o(.ARM.Collect$$$$0000000D)
    __rt_final_exit                          0x08000195   Thumb Code     0  entry11a.o(.ARM.Collect$$$$0000000F)
    OS_CPU_SR_Save                           0x08000199   Thumb Code     0  minos_cpu.o(.text)
    OS_CPU_SR_Restore                        0x080001a1   Thumb Code     0  minos_cpu.o(.text)
    OSStartHighRdy                           0x080001a7   Thumb Code     0  minos_cpu.o(.text)
    OSCtxSw                                  0x080001bf   Thumb Code     0  minos_cpu.o(.text)
    PendSV_Handler                           0x080001c9   Thumb Code     0  minos_cpu.o(.text)
    Reset_Handler                            0x08000219   Thumb Code     8  startup_stm32f2xx.o(.text)
    ADC_IRQHandler                           0x08000233   Thumb Code     0  startup_stm32f2xx.o(.text)
    CAN1_RX0_IRQHandler                      0x08000233   Thumb Code     0  startup_stm32f2xx.o(.text)
    CAN1_RX1_IRQHandler                      0x08000233   Thumb Code     0  startup_stm32f2xx.o(.text)
    CAN1_SCE_IRQHandler                      0x08000233   Thumb Code     0  startup_stm32f2xx.o(.text)
    CAN1_TX_IRQHandler                       0x08000233   Thumb Code     0  startup_stm32f2xx.o(.text)
    CAN2_RX0_IRQHandler                      0x08000233   Thumb Code     0  startup_stm32f2xx.o(.text)
    CAN2_RX1_IRQHandler                      0x08000233   Thumb Code     0  startup_stm32f2xx.o(.text)
    CAN2_SCE_IRQHandler                      0x08000233   Thumb Code     0  startup_stm32f2xx.o(.text)
    CAN2_TX_IRQHandler                       0x08000233   Thumb Code     0  startup_stm32f2xx.o(.text)
    CRYP_IRQHandler                          0x08000233   Thumb Code     0  startup_stm32f2xx.o(.text)
    DCMI_IRQHandler                          0x08000233   Thumb Code     0  startup_stm32f2xx.o(.text)
    DMA1_Stream0_IRQHandler                  0x08000233   Thumb Code     0  startup_stm32f2xx.o(.text)
    DMA1_Stream1_IRQHandler                  0x08000233   Thumb Code     0  startup_stm32f2xx.o(.text)
    DMA1_Stream2_IRQHandler                  0x08000233   Thumb Code     0  startup_stm32f2xx.o(.text)
    DMA1_Stream3_IRQHandler                  0x08000233   Thumb Code     0  startup_stm32f2xx.o(.text)
    DMA1_Stream4_IRQHandler                  0x08000233   Thumb Code     0  startup_stm32f2xx.o(.text)
    DMA1_Stream5_IRQHandler                  0x08000233   Thumb Code     0  startup_stm32f2xx.o(.text)
    DMA1_Stream6_IRQHandler                  0x08000233   Thumb Code     0  startup_stm32f2xx.o(.text)
    DMA1_Stream7_IRQHandler                  0x08000233   Thumb Code     0  startup_stm32f2xx.o(.text)
    DMA2_Stream0_IRQHandler                  0x08000233   Thumb Code     0  startup_stm32f2xx.o(.text)
    DMA2_Stream1_IRQHandler                  0x08000233   Thumb Code     0  startup_stm32f2xx.o(.text)
    DMA2_Stream2_IRQHandler                  0x08000233   Thumb Code     0  startup_stm32f2xx.o(.text)
    DMA2_Stream3_IRQHandler                  0x08000233   Thumb Code     0  startup_stm32f2xx.o(.text)
    DMA2_Stream4_IRQHandler                  0x08000233   Thumb Code     0  startup_stm32f2xx.o(.text)
    DMA2_Stream5_IRQHandler                  0x08000233   Thumb Code     0  startup_stm32f2xx.o(.text)
    DMA2_Stream6_IRQHandler                  0x08000233   Thumb Code     0  startup_stm32f2xx.o(.text)
    DMA2_Stream7_IRQHandler                  0x08000233   Thumb Code     0  startup_stm32f2xx.o(.text)
    ETH_IRQHandler                           0x08000233   Thumb Code     0  startup_stm32f2xx.o(.text)
    ETH_WKUP_IRQHandler                      0x08000233   Thumb Code     0  startup_stm32f2xx.o(.text)
    EXTI0_IRQHandler                         0x08000233   Thumb Code     0  startup_stm32f2xx.o(.text)
    EXTI15_10_IRQHandler                     0x08000233   Thumb Code     0  startup_stm32f2xx.o(.text)
    EXTI1_IRQHandler                         0x08000233   Thumb Code     0  startup_stm32f2xx.o(.text)
    EXTI2_IRQHandler                         0x08000233   Thumb Code     0  startup_stm32f2xx.o(.text)
    EXTI3_IRQHandler                         0x08000233   Thumb Code     0  startup_stm32f2xx.o(.text)
    EXTI4_IRQHandler                         0x08000233   Thumb Code     0  startup_stm32f2xx.o(.text)
    EXTI9_5_IRQHandler                       0x08000233   Thumb Code     0  startup_stm32f2xx.o(.text)
    FLASH_IRQHandler                         0x08000233   Thumb Code     0  startup_stm32f2xx.o(.text)
    FSMC_IRQHandler                          0x08000233   Thumb Code     0  startup_stm32f2xx.o(.text)
    HASH_RNG_IRQHandler                      0x08000233   Thumb Code     0  startup_stm32f2xx.o(.text)
    I2C1_ER_IRQHandler                       0x08000233   Thumb Code     0  startup_stm32f2xx.o(.text)
    I2C1_EV_IRQHandler                       0x08000233   Thumb Code     0  startup_stm32f2xx.o(.text)
    I2C2_ER_IRQHandler                       0x08000233   Thumb Code     0  startup_stm32f2xx.o(.text)
    I2C2_EV_IRQHandler                       0x08000233   Thumb Code     0  startup_stm32f2xx.o(.text)
    I2C3_ER_IRQHandler                       0x08000233   Thumb Code     0  startup_stm32f2xx.o(.text)
    I2C3_EV_IRQHandler                       0x08000233   Thumb Code     0  startup_stm32f2xx.o(.text)
    OTG_FS_IRQHandler                        0x08000233   Thumb Code     0  startup_stm32f2xx.o(.text)
    OTG_FS_WKUP_IRQHandler                   0x08000233   Thumb Code     0  startup_stm32f2xx.o(.text)
    OTG_HS_EP1_IN_IRQHandler                 0x08000233   Thumb Code     0  startup_stm32f2xx.o(.text)
    OTG_HS_EP1_OUT_IRQHandler                0x08000233   Thumb Code     0  startup_stm32f2xx.o(.text)
    OTG_HS_IRQHandler                        0x08000233   Thumb Code     0  startup_stm32f2xx.o(.text)
    OTG_HS_WKUP_IRQHandler                   0x08000233   Thumb Code     0  startup_stm32f2xx.o(.text)
    PVD_IRQHandler                           0x08000233   Thumb Code     0  startup_stm32f2xx.o(.text)
    RCC_IRQHandler                           0x08000233   Thumb Code     0  startup_stm32f2xx.o(.text)
    RTC_Alarm_IRQHandler                     0x08000233   Thumb Code     0  startup_stm32f2xx.o(.text)
    RTC_WKUP_IRQHandler                      0x08000233   Thumb Code     0  startup_stm32f2xx.o(.text)
    SDIO_IRQHandler                          0x08000233   Thumb Code     0  startup_stm32f2xx.o(.text)
    SPI1_IRQHandler                          0x08000233   Thumb Code     0  startup_stm32f2xx.o(.text)
    SPI2_IRQHandler                          0x08000233   Thumb Code     0  startup_stm32f2xx.o(.text)
    SPI3_IRQHandler                          0x08000233   Thumb Code     0  startup_stm32f2xx.o(.text)
    TAMP_STAMP_IRQHandler                    0x08000233   Thumb Code     0  startup_stm32f2xx.o(.text)
    TIM1_BRK_TIM9_IRQHandler                 0x08000233   Thumb Code     0  startup_stm32f2xx.o(.text)
    TIM1_CC_IRQHandler                       0x08000233   Thumb Code     0  startup_stm32f2xx.o(.text)
    TIM1_TRG_COM_TIM11_IRQHandler            0x08000233   Thumb Code     0  startup_stm32f2xx.o(.text)
    TIM1_UP_TIM10_IRQHandler                 0x08000233   Thumb Code     0  startup_stm32f2xx.o(.text)
    TIM2_IRQHandler                          0x08000233   Thumb Code     0  startup_stm32f2xx.o(.text)
    TIM3_IRQHandler                          0x08000233   Thumb Code     0  startup_stm32f2xx.o(.text)
    TIM4_IRQHandler                          0x08000233   Thumb Code     0  startup_stm32f2xx.o(.text)
    TIM5_IRQHandler                          0x08000233   Thumb Code     0  startup_stm32f2xx.o(.text)
    TIM6_DAC_IRQHandler                      0x08000233   Thumb Code     0  startup_stm32f2xx.o(.text)
    TIM7_IRQHandler                          0x08000233   Thumb Code     0  startup_stm32f2xx.o(.text)
    TIM8_BRK_TIM12_IRQHandler                0x08000233   Thumb Code     0  startup_stm32f2xx.o(.text)
    TIM8_CC_IRQHandler                       0x08000233   Thumb Code     0  startup_stm32f2xx.o(.text)
    TIM8_TRG_COM_TIM14_IRQHandler            0x08000233   Thumb Code     0  startup_stm32f2xx.o(.text)
    TIM8_UP_TIM13_IRQHandler                 0x08000233   Thumb Code     0  startup_stm32f2xx.o(.text)
    UART4_IRQHandler                         0x08000233   Thumb Code     0  startup_stm32f2xx.o(.text)
    UART5_IRQHandler                         0x08000233   Thumb Code     0  startup_stm32f2xx.o(.text)
    USART1_IRQHandler                        0x08000233   Thumb Code     0  startup_stm32f2xx.o(.text)
    USART2_IRQHandler                        0x08000233   Thumb Code     0  startup_stm32f2xx.o(.text)
    USART3_IRQHandler                        0x08000233   Thumb Code     0  startup_stm32f2xx.o(.text)
    USART6_IRQHandler                        0x08000233   Thumb Code     0  startup_stm32f2xx.o(.text)
    WWDG_IRQHandler                          0x08000233   Thumb Code     0  startup_stm32f2xx.o(.text)
    __scatterload                            0x0800023d   Thumb Code    28  init.o(.text)
    __scatterload_rt2                        0x0800023d   Thumb Code     0  init.o(.text)
    BusFault_Handler                         0x08000261   Thumb Code     2  stm32f2xx_it.o(i.BusFault_Handler)
    DebugMon_Handler                         0x08000263   Thumb Code     2  stm32f2xx_it.o(i.DebugMon_Handler)
    HardFault_Handler                        0x08000265   Thumb Code     2  stm32f2xx_it.o(i.HardFault_Handler)
    MemManage_Handler                        0x08000267   Thumb Code     2  stm32f2xx_it.o(i.MemManage_Handler)
    NMI_Handler                              0x08000269   Thumb Code     2  stm32f2xx_it.o(i.NMI_Handler)
    OSInit                                   0x0800026d   Thumb Code   138  minos_core.o(i.OSInit)
    OSIntEnter                               0x08000309   Thumb Code    14  minos_core.o(i.OSIntEnter)
    OSIntExit                                0x0800031d   Thumb Code    58  minos_core.o(i.OSIntExit)
    OSStart                                  0x08000361   Thumb Code    30  minos_core.o(i.OSStart)
    OSTaskCreate                             0x08000389   Thumb Code    66  minos_core.o(i.OSTaskCreate)
    OSTaskStkInit                            0x080003d1   Thumb Code   116  minos_core.o(i.OSTaskStkInit)
    OSTimeDly                                0x08000445   Thumb Code    68  minos_core.o(i.OSTimeDly)
    OSTimeTick                               0x0800048d   Thumb Code    88  minos_core.o(i.OSTimeTick)
    OS_Sched                                 0x080004e9   Thumb Code    48  minos_core.o(i.OS_Sched)
    OS_TCBInit                               0x08000541   Thumb Code   130  minos_core.o(i.OS_TCBInit)
    OS_TaskIdle                              0x080005cd   Thumb Code     2  minos_core.o(i.OS_TaskIdle)
    RCC_GetClocksFreq                        0x080005d1   Thumb Code   132  stm32f2xx_rcc.o(i.RCC_GetClocksFreq)
    SVC_Handler                              0x08000665   Thumb Code     2  stm32f2xx_it.o(i.SVC_Handler)
    SysTick_Handler                          0x08000701   Thumb Code    18  stm32f2xx_it.o(i.SysTick_Handler)
    SystemInit                               0x08000715   Thumb Code    62  system_stm32f2xx.o(i.SystemInit)
    Task00                                   0x08000765   Thumb Code     8  task00_alpha.o(i.Task00)
    Task01                                   0x0800076d   Thumb Code     8  task01_getvoltage.o(i.Task01)
    Task02                                   0x08000775   Thumb Code     8  task02_gettemper.o(i.Task02)
    UsageFault_Handler                       0x0800077d   Thumb Code     2  stm32f2xx_it.o(i.UsageFault_Handler)
    __scatterload_copy                       0x0800077f   Thumb Code    14  handlers.o(i.__scatterload_copy)
    __scatterload_null                       0x0800078d   Thumb Code     2  handlers.o(i.__scatterload_null)
    __scatterload_zeroinit                   0x0800078f   Thumb Code    14  handlers.o(i.__scatterload_zeroinit)
    main                                     0x0800079d   Thumb Code    98  main.o(i.main)
    OSUnMapTbl                               0x0800081c   Data         256  minos_core.o(.constdata)
    Region$$Table$$Base                      0x0800091c   Number         0  anon$$obj.o(Region$$Table)
    Region$$Table$$Limit                     0x0800093c   Number         0  anon$$obj.o(Region$$Table)
    OSIntNesting                             0x20000000   Data           1  minos_core.o(.data)
    OSPrioCur                                0x20000001   Data           1  minos_core.o(.data)
    OSPrioHighRdy                            0x20000002   Data           1  minos_core.o(.data)
    OSRdyGrp                                 0x20000003   Data           1  minos_core.o(.data)
    OSRdyTbl                                 0x20000004   Data           2  minos_core.o(.data)
    OSTCBCur                                 0x20000008   Data           4  minos_core.o(.data)
    OSTCBFreeList                            0x2000000c   Data           4  minos_core.o(.data)
    OSTCBHighRdy                             0x20000010   Data           4  minos_core.o(.data)
    OSTCBList                                0x20000014   Data           4  minos_core.o(.data)
    OSEventFreeList                          0x20000018   Data           4  minos_core.o(.data)
    OSQFreeList                              0x2000001c   Data           4  minos_core.o(.data)
    Task00_Stk                               0x20000030   Data         320  main.o(.bss)
    Task01_Stk                               0x20000170   Data         320  main.o(.bss)
    Task02_Stk                               0x200002b0   Data         320  main.o(.bss)
    OSTaskIdleStk                            0x200003f0   Data         320  minos_core.o(.bss)
    OSTCBPrioTbl                             0x20000530   Data          64  minos_core.o(.bss)
    OSTCBTbl                                 0x20000570   Data         512  minos_core.o(.bss)
    OSEventTbl                               0x20000770   Data          32  minos_core.o(.bss)
    OSQTbl                                   0x20000790   Data          96  minos_core.o(.bss)
    __initial_sp                             0x20000bf0   Data           0  startup_stm32f2xx.o(STACK)



==============================================================================

Memory Map of the image

  Image Entry point : 0x08000185

  Load Region LR_IROM1 (Base: 0x08000000, Size: 0x0000096c, Max: 0x00080000, ABSOLUTE)

    Execution Region ER_IROM1 (Base: 0x08000000, Size: 0x0000093c, Max: 0x00080000, ABSOLUTE)

    Base Addr    Size         Type   Attr      Idx    E Section Name        Object

    0x08000000   0x00000184   Data   RO         4671    RESET               startup_stm32f2xx.o
    0x08000184   0x00000000   Code   RO         4679  * .ARM.Collect$$$$00000000  mc_w.l(entry.o)
    0x08000184   0x00000004   Code   RO         4682    .ARM.Collect$$$$00000001  mc_w.l(entry2.o)
    0x08000188   0x00000004   Code   RO         4685    .ARM.Collect$$$$00000004  mc_w.l(entry5.o)
    0x0800018c   0x00000000   Code   RO         4687    .ARM.Collect$$$$00000008  mc_w.l(entry7b.o)
    0x0800018c   0x00000000   Code   RO         4689    .ARM.Collect$$$$0000000A  mc_w.l(entry8b.o)
    0x0800018c   0x00000008   Code   RO         4690    .ARM.Collect$$$$0000000B  mc_w.l(entry9a.o)
    0x08000194   0x00000000   Code   RO         4692    .ARM.Collect$$$$0000000D  mc_w.l(entry10a.o)
    0x08000194   0x00000000   Code   RO         4694    .ARM.Collect$$$$0000000F  mc_w.l(entry11a.o)
    0x08000194   0x00000004   Code   RO         4683    .ARM.Collect$$$$00002712  mc_w.l(entry2.o)
    0x08000198   0x00000080   Code   RO          419    .text               minos_cpu.o
    0x08000218   0x00000024   Code   RO         4672    .text               startup_stm32f2xx.o
    0x0800023c   0x00000024   Code   RO         4696    .text               mc_w.l(init.o)
    0x08000260   0x00000002   Code   RO          149    i.BusFault_Handler  stm32f2xx_it.o
    0x08000262   0x00000002   Code   RO          150    i.DebugMon_Handler  stm32f2xx_it.o
    0x08000264   0x00000002   Code   RO          151    i.HardFault_Handler  stm32f2xx_it.o
    0x08000266   0x00000002   Code   RO          152    i.MemManage_Handler  stm32f2xx_it.o
    0x08000268   0x00000002   Code   RO          153    i.NMI_Handler       stm32f2xx_it.o
    0x0800026a   0x00000002   PAD
    0x0800026c   0x0000009c   Code   RO          334    i.OSInit            minos_core.o
    0x08000308   0x00000014   Code   RO          335    i.OSIntEnter        minos_core.o
    0x0800031c   0x00000044   Code   RO          336    i.OSIntExit         minos_core.o
    0x08000360   0x00000028   Code   RO          337    i.OSStart           minos_core.o
    0x08000388   0x00000048   Code   RO          338    i.OSTaskCreate      minos_core.o
    0x080003d0   0x00000074   Code   RO          339    i.OSTaskStkInit     minos_core.o
    0x08000444   0x00000048   Code   RO          340    i.OSTimeDly         minos_core.o
    0x0800048c   0x0000005c   Code   RO          341    i.OSTimeTick        minos_core.o
    0x080004e8   0x00000038   Code   RO          342    i.OS_Sched          minos_core.o
    0x08000520   0x00000020   Code   RO          343    i.OS_SchedNew       minos_core.o
    0x08000540   0x0000008c   Code   RO          344    i.OS_TCBInit        minos_core.o
    0x080005cc   0x00000002   Code   RO          345    i.OS_TaskIdle       minos_core.o
    0x080005ce   0x00000002   PAD
    0x080005d0   0x00000094   Code   RO         2781    i.RCC_GetClocksFreq  stm32f2xx_rcc.o
    0x08000664   0x00000002   Code   RO          154    i.SVC_Handler       stm32f2xx_it.o
    0x08000666   0x00000002   PAD
    0x08000668   0x00000098   Code   RO         4631    i.SetSysClock       system_stm32f2xx.o
    0x08000700   0x00000012   Code   RO          155    i.SysTick_Handler   stm32f2xx_it.o
    0x08000712   0x00000002   PAD
    0x08000714   0x00000050   Code   RO         4633    i.SystemInit        system_stm32f2xx.o
    0x08000764   0x00000008   Code   RO          265    i.Task00            task00_alpha.o
    0x0800076c   0x00000008   Code   RO          289    i.Task01            task01_getvoltage.o
    0x08000774   0x00000008   Code   RO          313    i.Task02            task02_gettemper.o
    0x0800077c   0x00000002   Code   RO          156    i.UsageFault_Handler  stm32f2xx_it.o
    0x0800077e   0x0000000e   Code   RO         4700    i.__scatterload_copy  mc_w.l(handlers.o)
    0x0800078c   0x00000002   Code   RO         4701    i.__scatterload_null  mc_w.l(handlers.o)
    0x0800078e   0x0000000e   Code   RO         4702    i.__scatterload_zeroinit  mc_w.l(handlers.o)
    0x0800079c   0x00000080   Code   RO            4    i.main              main.o
    0x0800081c   0x00000100   Data   RO          347    .constdata          minos_core.o
    0x0800091c   0x00000020   Data   RO         4698    Region$$Table       anon$$obj.o


    Execution Region RW_IRAM1 (Base: 0x20000000, Size: 0x00000bf0, Max: 0x00020000, ABSOLUTE)

    Base Addr    Size         Type   Attr      Idx    E Section Name        Object

    0x20000000   0x00000020   Data   RW          348    .data               minos_core.o
    0x20000020   0x00000010   Data   RW         2804    .data               stm32f2xx_rcc.o
    0x20000030   0x000003c0   Zero   RW            5    .bss                main.o
    0x200003f0   0x00000400   Zero   RW          346    .bss                minos_core.o
    0x200007f0   0x00000400   Zero   RW         4669    STACK               startup_stm32f2xx.o


==============================================================================

Image component sizes


      Code (inc. data)   RO Data    RW Data    ZI Data      Debug   Object Name

       128         30          0          0        960     253873   main.o
       866         86        256         32       1024      10798   minos_core.o
       128         24          0          0          0        336   minos_cpu.o
        36          8        388          0       1024        908   startup_stm32f2xx.o
        32          0          0          0          0       3405   stm32f2xx_it.o
       148         16          0         16          0      15856   stm32f2xx_rcc.o
       232         30          0          0          0       1517   system_stm32f2xx.o
         8          0          0          0          0        433   task00_alpha.o
         8          0          0          0          0        441   task01_getvoltage.o
         8          0          0          0          0        441   task02_gettemper.o

    ----------------------------------------------------------------------
      1602        194        676         48       3008     288008   Object Totals
         0          0         32          0          0          0   (incl. Generated)
         8          0          0          0          0          0   (incl. Padding)

    ----------------------------------------------------------------------

      Code (inc. data)   RO Data    RW Data    ZI Data      Debug   Library Member Name

         0          0          0          0          0          0   entry.o
         0          0          0          0          0          0   entry10a.o
         0          0          0          0          0          0   entry11a.o
         8          4          0          0          0          0   entry2.o
         4          0          0          0          0          0   entry5.o
         0          0          0          0          0          0   entry7b.o
         0          0          0          0          0          0   entry8b.o
         8          4          0          0          0          0   entry9a.o
        30          0          0          0          0          0   handlers.o
        36          8          0          0          0         68   init.o

    ----------------------------------------------------------------------
        86         16          0          0          0         68   Library Totals
         0          0          0          0          0          0   (incl. Padding)

    ----------------------------------------------------------------------

      Code (inc. data)   RO Data    RW Data    ZI Data      Debug   Library Name

        86         16          0          0          0         68   mc_w.l

    ----------------------------------------------------------------------
        86         16          0          0          0         68   Library Totals

    ----------------------------------------------------------------------

==============================================================================


      Code (inc. data)   RO Data    RW Data    ZI Data      Debug   

      1688        210        676         48       3008     287084   Grand Totals
      1688        210        676         48       3008     287084   ELF Image Totals
      1688        210        676         48          0          0   ROM Totals

==============================================================================

    Total RO  Size (Code + RO Data)                 2364 (   2.31kB)
    Total RW  Size (RW Data + ZI Data)              3056 (   2.98kB)
    Total ROM Size (Code + RO Data + RW Data)       2412 (   2.36kB)

==============================================================================

