<html>
<body>
<pre>
<h1>µVision Build Log</h1>
<h2>Tool Versions:</h2>
IDE-Version: ¦ÌVision V5.22.0.0
Copyright (C) 2016 ARM Ltd and ARM Germany GmbH. All rights reserved.
License Information: Windy Albert, Holley, LIC=FQQBS-LRG4W-044SQ-NDWGG-8HHEG-7587X
 
Tool Versions:
Toolchain:       MDK-ARM Professional  Version: 5.22
Toolchain Path:  C:\Keil_v5\ARM\ARMCC\Bin
C Compiler:      Armcc.exe V5.06 update 4 (build 422)
Assembler:       Armasm.exe V5.06 update 4 (build 422)
Linker/Locator:  ArmLink.exe V5.06 update 4 (build 422)
Library Manager: ArmAr.exe V5.06 update 4 (build 422)
Hex Converter:   FromElf.exe V5.06 update 4 (build 422)
CPU DLL:         SARMCM3.DLL V5.22
Dialog DLL:      DCM.DLL V1.13.9.0
Target DLL:      UL2CM3.DLL V1.159.0.0
Dialog DLL:      TCM.DLL V1.21.0.0
 
<h2>Project:</h2>
D:\WorkSpace STM32F2\Project\STM32F2xx_MinOS_Template_V0.0\MDK-ARM\Project.uvprojx
Project File Date:  04/02/2017

<h2>Output:</h2>
*** Using Compiler 'V5.06 update 4 (build 422)', folder: 'C:\Keil_v5\ARM\ARMCC\Bin'
Rebuild target 'STM32F2xx'
compiling main.c...
compiling stm32f2xx_Init.c...
compiling stm32f2xx_it.c...
compiling Task01_GetVoltage.c...
compiling Task00_Alpha.c...
compiling Task02_GetTemper.c...
assembling minos_cpu.asm...
compiling minos_core.c...
compiling minos_q.c...
compiling misc.c...
compiling stm32f2xx_adc.c...
compiling stm32f2xx_can.c...
compiling stm32f2xx_crc.c...
compiling stm32f2xx_cryp.c...
compiling stm32f2xx_cryp_aes.c...
compiling stm32f2xx_cryp_des.c...
compiling stm32f2xx_cryp_tdes.c...
compiling stm32f2xx_dac.c...
compiling stm32f2xx_dbgmcu.c...
compiling stm32f2xx_dcmi.c...
compiling stm32f2xx_dma.c...
compiling stm32f2xx_exti.c...
compiling stm32f2xx_flash.c...
compiling stm32f2xx_fsmc.c...
compiling stm32f2xx_gpio.c...
compiling stm32f2xx_hash.c...
compiling stm32f2xx_hash_md5.c...
compiling stm32f2xx_iwdg.c...
compiling stm32f2xx_hash_sha1.c...
compiling stm32f2xx_i2c.c...
compiling stm32f2xx_rng.c...
compiling stm32f2xx_pwr.c...
compiling stm32f2xx_rcc.c...
compiling stm32f2xx_sdio.c...
compiling stm32f2xx_spi.c...
compiling stm32f2xx_rtc.c...
compiling stm32f2xx_syscfg.c...
compiling stm32f2xx_usart.c...
compiling stm32f2xx_tim.c...
compiling system_stm32f2xx.c...
compiling stm32f2xx_wwdg.c...
assembling startup_stm32f2xx.s...
compiling readme.c...
linking...
Program Size: Code=1688 RO-data=676 RW-data=48 ZI-data=3008  
".\STM32F2xx\STM32F2xx.axf" - 0 Error(s), 0 Warning(s).

<h2>Software Packages used:</h2>

Package Vendor: ARM
                http://www.keil.com/pack/ARM.CMSIS.5.0.0.pack
                ARM::CMSIS:CORE:5.0.0
                CMSIS (Cortex Microcontroller Software Interface Standard)
   * Component: CORE Version: 5.0.0

<h2>Collection of Component include folders:</h2>
  D:\WorkSpace STM32F2\Project\STM32F2xx_MinOS_Template_V0.0\MDK-ARM\RTE\_STM32F2xx
  C:\Keil_v5\ARM\PACK\ARM\CMSIS\5.0.0\CMSIS\Include
  C:\Keil_v5\ARM\PACK\Keil\STM32F2xx_DFP\2.6.0\Drivers\CMSIS\Device\ST\STM32F2xx\Include

<h2>Collection of Component Files used:</h2>

   * Component: ARM::CMSIS:CORE:5.0.0
Build Time Elapsed:  00:00:15
</pre>
</body>
</html>
